[waheedpsycho.wordpress.com/index.html]
[backblue.gif]
[fade.gif]
[index.html]
[s0.wp.com/wp-content/plugins/custom-fonts/js/webfont.js]
[s0.wp.com/wp-content/plugins/gutenberg-core/v16.6.0/build/block-library/style-rtlb731.css]
[waheedpsycho.wordpress.com/feed/index.html]
[s2.wp.com/wp-content/mu-plugins/global-print/rtl/global-print-rtlbcec.css]
[waheedpsycho.wordpress.com/comments/feed/index.html]
[s2.wp.com/wp-content/mu-plugins/jetpack-plugin/moon/modules/widgets/goodreads/css/goodreads-rtl3709.css]
[s1.wp.com/_static/indexdf4b.html]
[waheedpsycho.wordpress.com/xmlrpc0db0.php]
[s2.wp.com/wp-content/themes/pub/lodestar/rtl5b6e.css]
[waheedpsycho.wordpress.com/osd.xml]
[waheedpsycho.files.wordpress.com/2020/04/cropped-cropped-waheed76ca.jpg]
[waheedpsycho.files.wordpress.com/2020/04/cropped-cropped-waheed9939.jpg]
[waheedpsycho.files.wordpress.com/2020/04/cropped-cropped-waheedad83.jpg]
[waheedpsycho.files.wordpress.com/2020/08/cropped-d8aad8b1d988d98ad8b3d8a9-1.jpg]
[waheedpsycho.files.wordpress.com/2020/08/cropped-d8aad8b1d988d98ad8b3d8a9-34df4.png]
[waheedpsycho.wordpress.com/category/blog/index.html]
[waheedpsycho.wordpress.com/category/blog/a/index.html]
[waheedpsycho.wordpress.com/category/theories/psychopathology/abnormal-psychology/index.html]
[waheedpsycho.files.wordpress.com/2021/01/logo3e3a.jpg]
[waheedpsycho.wordpress.com/category/theories/psychopathology/depression/index.html]
[waheedpsycho.wordpress.com/category/theories/psychopathology/medical-model/index.html]
[waheedpsycho.wordpress.com/category/theories/psychopathology/cognitive-therapy-psychopathology/index.html]
[waheedpsycho.wordpress.com/category/theories/o-developmental/attachment/index.html]
[waheedpsycho.wordpress.com/category/theories/o-developmental/concrete-stage/index.html]
[waheedpsycho.wordpress.com/category/theories/o-developmental/jean-piaget/index.html]
[waheedpsycho.files.wordpress.com/2020/11/logo27658.png]
[waheedpsycho.wordpress.com/category/theories/o-developmental/formal-operational-stage/index.html]
[waheedpsycho.wordpress.com/category/theories/o-developmental/jerome-bruner/index.html]
[waheedpsycho.wordpress.com/category/theories/o-developmental/john-bowlby/index.html]
[waheedpsycho.wordpress.com/category/theories/o-developmental/kohlberg-moral-dev/index.html]
[waheedpsycho.files.wordpress.com/2020/03/phpthumb_generated_thumbnailee44.jpg]
[waheedpsycho.wordpress.com/category/theories/cognitive/attention/index.html]
[waheedpsycho.wordpress.com/category/theories/cognitive/cognitive-dissonance/index.html]
[waheedpsycho.wordpress.com/category/theories/o-developmental/lev-vygostksy/index.html]
[waheedpsycho.wordpress.com/category/theories/cognitive/cognitive-psychology/index.html]
[waheedpsycho.wordpress.com/category/theories/cognitive/cognitive-therapy/index.html]
[waheedpsycho.wordpress.com/category/theories/cognitive/information-processing/index.html]
[waheedpsycho.wordpress.com/category/theories/social/attitudes/index.html]
[waheedpsycho.files.wordpress.com/2020/10/2010.103e3a.delayed]
[waheedpsycho.wordpress.com/category/theories/social/compliance-techniques/index.html]
[waheedpsycho.wordpress.com/category/theories/social/conformity/index.html]
[waheedpsycho.wordpress.com/category/theories/behavioral/index.html]
[waheedpsycho.wordpress.com/category/theories/cognitive/index.html]
[waheedpsycho.wordpress.com/category/theories/humanist/index.html]
[waheedpsycho.files.wordpress.com/2020/09/img_20200908_084919.11.delayed]
[waheedpsycho.wordpress.com/category/theories/memory/index.html]
[waheedpsycho.wordpress.com/category/theories/behavioral/behavioral-therapy/index.html]
[waheedpsycho.wordpress.com/category/theories/behavioral/classical-conditioning/index.html]
[waheedpsycho.wordpress.com/category/theories/behavioral/law-of-effect/index.html]
[waheedpsycho.wordpress.com/category/waheed/books/index.html]
[waheedpsycho.wordpress.com/category/theories/psychodynamic/carl-jung/index.html]
[waheedpsycho.files.wordpress.com/2020/09/img_20200619_181437bbbd.jpg]
[waheedpsycho.wordpress.com/category/theories/psychodynamic/defense-mechanisms/index.html]
[waheedpsycho.wordpress.com/category/theories/psychodynamic/id-ego-super-ego/index.html]
[waheedpsycho.files.wordpress.com/2020/09/img_20200712_155618bbbd.jpg]
[waheedpsycho.wordpress.com/category/theories/psychodynamic/melanie-klein/index.html]
[waheedpsycho.wordpress.com/category/theories/humanist/carl-rogers/index.html]
[waheedpsycho.wordpress.com/category/theories/humanist/hierarchy-of-needs/index.html]
[waheedpsycho.files.wordpress.com/2020/09/img_20200712_155623bbbd.jpg]
[waheedpsycho.wordpress.com/category/theories/personality/cattells-16pf/index.html]
[waheedpsycho.wordpress.com/category/theories/personality/eysenck/index.html]
[waheedpsycho.wordpress.com/category/theories/humanist/humanistic-psychology/index.html]
[waheedpsycho.wordpress.com/category/personality-2/cattells-16pf-personality/index.html]
[waheedpsycho.wordpress.com/category/theories/personality/freudian-theory/index.html]
[waheedpsycho.files.wordpress.com/2020/09/img_20200712_160600.15bbbd.delayed]
[waheedpsycho.wordpress.com/category/personality-2/eysenck-personality/index.html]
[waheedpsycho.wordpress.com/category/personality-2/freudian-theory-personality/index.html]
[waheedpsycho.wordpress.com/category/theories/memory/eyewitness-testimony/index.html]
[waheedpsycho.wordpress.com/category/theories/memory/forgetting/index.html]
[waheedpsycho.files.wordpress.com/2020/09/img_20200724_105230bbbd.jpg]
[waheedpsycho.wordpress.com/category/theories/memory/levels-of-processing/index.html]
[waheedpsycho.wordpress.com/category/theories/memory/long-term/index.html]
[waheedpsycho.wordpress.com/category/theories/memory/memory-intro/index.html]
[waheedpsycho.wordpress.com/category/psychodrama/links/index.html]
[waheedpsycho.files.wordpress.com/2020/09/img_20200827_084742.17bbbd.delayed]
[waheedpsycho.wordpress.com/category/theories/memory/multi-store-model/index.html]
[waheedpsycho.wordpress.com/2021/01/11/phd/index.html]
[waheedpsycho.wordpress.com/author/waheedalomari/index.html]
[waheedpsycho.wordpress.com/2020/11/10/المدونة/index.html]
[waheedpsycho.wordpress.com/2020/11/02/phsychology/index.html]
[waheedpsycho.files.wordpress.com/2020/09/img_20200907_100919bbbd.jpg]
[waheedpsycho.wordpress.com/2020/10/30/educational-psychology/index.html]
[waheedpsycho.files.wordpress.com/2020/09/img_20200907_113507bbbd.jpg]
[waheedpsycho.wordpress.com/2020/09/12/s-3/index.html]
[waheedpsycho.wordpress.com/2020/09/12/s-4/index.html]
[waheedpsycho.files.wordpress.com/2020/09/img_20200908_084919bbbd.jpg]
[waheedpsycho.files.wordpress.com/2020/09/img_20200908_085153bbbd.jpg]
[waheedpsycho.files.wordpress.com/2020/09/img_20200908_085231bbbd.jpg]
[waheedpsycho.files.wordpress.com/2020/09/img_20200908_105845bbbd.jpg]
[waheedpsycho.files.wordpress.com/2020/09/img_20200707_133828bbbd.jpg]
[waheedpsycho.files.wordpress.com/2020/09/img_20200618_122036bbbd.jpg]
[waheedpsycho.wordpress.com/2020/09/12/s-2/index.html]
[waheedpsycho.wordpress.com/2020/09/11/s-1/index.html]
[waheedpsycho.wordpress.com/2020/09/01/characteristics-of-shy-and-socially-phobic-individuals/index.html]
[waheedpsycho.wordpress.com/tag/characteristics-of-shy-and-socially-phobic-individuals/index.html]
[waheedpsycho.wordpress.com/2020/08/23/psychodramas-role-in-alleviating-acute-distress-a-case-study/index.html]
[0.gravatar.com/js/hovercards/hovercards.min2c09.js]
[waheedpsycho.wordpress.com/tag/psychodramas-role-in-alleviating-acute-distress-a-case-study/index.html]
[waheedpsycho.wordpress.com/page/2/index.html]
[s2.wp.com/wp-content/mu-plugins/gravatar-hovercards/wpgrohoe8bd.js]
[waheedpsycho.wordpress.com/GET]
[waheedpsycho.files.wordpress.com/2020/04/cropped-cropped-waheedae05.jpg]
[s0.wp.com/wp-content/mu-plugins/actionbar/actionbar2866.css]
[s0.wp.com/wp-content/mu-plugins/actionbar/actionbarb516.js]
[s1.wp.com/wp-content/mu-plugins/jetpack-plugin/moon/modules/carousel/swiper-bundleee2b.css]
[s1.wp.com/wp-content/mu-plugins/jetpack-plugin/moon/modules/carousel/jetpack-carousel-rtl3709.css]
[s1.wp.com/wp-content/mu-plugins/jetpack-plugin/moon/modules/tiled-gallery/tiled-gallery/tiled-gallery-rtl9a5f.css]
[ced.sascdn.com/tag/3905/smart.js]
[widgets.outbrain.com/outbrain0ada.js]
[stats.wp.com/w03af.js]
[waheedpsycho.wordpress.com/wp-content/plugins/ie-sitemode/custom-jumplist.php]
[pixel.wp.com/b0b80.gif]
[waheedpsycho.wordpress.com/index.html]
[waheedpsycho.wordpress.com/xmlrpc.php]
[s0.wp.com/wp-content/plugins/gutenberg-core/v16.6.0/build/block-library/style-rtlb731.css]
[s1.wp.com/_static/indexd02a.html]
[s2.wp.com/wp-content/mu-plugins/global-print/rtl/global-print-rtlbcec.css]
[s1.wp.com/_static/indexdf4b.html]
[s2.wp.com/wp-content/mu-plugins/jetpack-plugin/moon/modules/widgets/goodreads/css/goodreads-rtl3709.html]
[s2.wp.com/wp-content/themes/pub/lodestar/rtl5b6e.css]
[waheedpsycho.wordpress.com/category/blog/GET]
[waheedpsycho.wordpress.com/category/blog/feed/index.html]
[waheedpsycho.wordpress.com/category/blog/index.html]
[waheedpsycho.wordpress.com/category/blog/a/feed/index.html]
[waheedpsycho.wordpress.com/category/blog/a/GET]
[waheedpsycho.wordpress.com/category/blog/a/index.html]
[waheedpsycho.wordpress.com/category/theories/psychopathology/abnormal-psychology/GET]
[waheedpsycho.wordpress.com/category/theories/psychopathology/abnormal-psychology/feed/index.html]
[waheedpsycho.wordpress.com/2020/05/19/abnormal-psychology/index.html]
[waheedpsycho.wordpress.com/category/theories/psychopathology/abnormal-psychology/index.html]
[waheedpsycho.wordpress.com/category/theories/psychopathology/cognitive-therapy-psychopathology/feed/index.html]
[waheedpsycho.wordpress.com/category/theories/psychopathology/cognitive-therapy-psychopathology/GET]
[waheedpsycho.wordpress.com/2020/05/19/cognitive-therapy/index.html]
[waheedpsycho.wordpress.com/category/theories/psychopathology/cognitive-therapy-psychopathology/index.html]
[waheedpsycho.wordpress.com/category/theories/psychopathology/depression/feed/index.html]
[waheedpsycho.wordpress.com/category/theories/psychopathology/depression/GET]
[waheedpsycho.wordpress.com/2020/05/19/depression/index.html]
[waheedpsycho.wordpress.com/category/theories/psychopathology/depression/index.html]
[waheedpsycho.wordpress.com/category/theories/psychopathology/medical-model/feed/index.html]
[waheedpsycho.wordpress.com/category/theories/psychopathology/medical-model/GET]
[waheedpsycho.wordpress.com/2020/05/19/medical-model/index.html]
[waheedpsycho.wordpress.com/category/theories/psychopathology/medical-model/index.html]
[waheedpsycho.wordpress.com/category/theories/o-developmental/attachment/feed/index.html]
[waheedpsycho.wordpress.com/category/theories/o-developmental/attachment/GET]
[waheedpsycho.wordpress.com/2020/05/17/attachment/index.html]
[waheedpsycho.wordpress.com/category/theories/o-developmental/attachment/index.html]
[waheedpsycho.wordpress.com/wp-content/js/bilmur.min898e.js]
[waheedpsycho.wordpress.com/category/theories/o-developmental/concrete-stage/feed/index.html]
[waheedpsycho.wordpress.com/category/theories/o-developmental/concrete-stage/GET]
[waheedpsycho.wordpress.com/2020/05/15/concrete-stage/index.html]
[waheedpsycho.wordpress.com/category/theories/o-developmental/concrete-stage/index.html]
[waheedpsycho.wordpress.com/category/theories/o-developmental/formal-operational-stage/GET]
[waheedpsycho.wordpress.com/category/theories/o-developmental/formal-operational-stage/feed/index.html]
[waheedpsycho.wordpress.com/2020/05/15/formal-operational-stage/index.html]
[waheedpsycho.wordpress.com/category/theories/o-developmental/formal-operational-stage/index.html]
[waheedpsycho.wordpress.com/category/theories/o-developmental/jean-piaget/feed/index.html]
[waheedpsycho.wordpress.com/category/theories/o-developmental/jean-piaget/GET]
[waheedpsycho.wordpress.com/2020/05/15/ojean-piaget/index.html]
[waheedpsycho.wordpress.com/category/theories/o-developmental/jean-piaget/index.html]
[waheedpsycho.wordpress.com/category/theories/o-developmental/jerome-bruner/GET]
[waheedpsycho.wordpress.com/category/theories/o-developmental/jerome-bruner/feed/index.html]
[waheedpsycho.wordpress.com/2020/05/17/jerome-bruner/index.html]
[waheedpsycho.wordpress.com/category/theories/o-developmental/jerome-bruner/index.html]
[waheedpsycho.wordpress.com/category/theories/o-developmental/john-bowlby/GET]
[waheedpsycho.wordpress.com/category/theories/o-developmental/john-bowlby/feed/index.html]
[waheedpsycho.wordpress.com/2020/05/17/john-bowlby/index.html]
[waheedpsycho.wordpress.com/category/theories/o-developmental/john-bowlby/index.html]
[waheedpsycho.wordpress.com/category/theories/o-developmental/kohlberg-moral-dev/feed/index.html]
[waheedpsycho.wordpress.com/category/theories/o-developmental/kohlberg-moral-dev/GET]
[waheedpsycho.wordpress.com/2020/05/17/kohlberg-moral-dev/index.html]
[waheedpsycho.wordpress.com/category/theories/o-developmental/kohlberg-moral-dev/index.html]
[waheedpsycho.wordpress.com/category/theories/o-developmental/lev-vygostksy/feed/index.html]
[waheedpsycho.wordpress.com/category/theories/o-developmental/lev-vygostksy/GET]
[waheedpsycho.wordpress.com/2020/05/15/lev-vygostksy/index.html]
[waheedpsycho.wordpress.com/category/theories/o-developmental/lev-vygostksy/index.html]
[waheedpsycho.wordpress.com/category/theories/cognitive/attention/feed/index.html]
[waheedpsycho.wordpress.com/category/theories/cognitive/attention/GET]
[waheedpsycho.wordpress.com/category/theories/cognitive/attention/index.html]
[waheedpsycho.wordpress.com/category/theories/cognitive/cognitive-dissonance/GET]
[waheedpsycho.wordpress.com/category/theories/cognitive/cognitive-dissonance/feed/index.html]
[waheedpsycho.wordpress.com/category/theories/cognitive/cognitive-dissonance/index.html]
[waheedpsycho.files.wordpress.com/2020/05/1-22a50.jpg]
[waheedpsycho.wordpress.com/category/theories/cognitive/cognitive-psychology/feed/index.html]
[waheedpsycho.wordpress.com/2020/05/05/cognitive-psychology/index.html]
[waheedpsycho.files.wordpress.com/2020/05/2-2aea6.jpg]
[waheedpsycho.files.wordpress.com/2020/05/3-10d69.jpg]
[waheedpsycho.wordpress.com/category/theories/cognitive/cognitive-psychology/GET]
[waheedpsycho.wordpress.com/category/theories/cognitive/cognitive-psychology/index.html]
[s0.wp.com/wp-content/mu-plugins/carousel-wpcom/carousel-wpcom2afe.js]
[waheedpsycho.wordpress.com/category/theories/cognitive/cognitive-therapy/feed/index.html]
[waheedpsycho.wordpress.com/category/theories/cognitive/cognitive-therapy/GET]
[waheedpsycho.wordpress.com/category/theories/cognitive/cognitive-therapy/index.html]
[waheedpsycho.wordpress.com/category/theories/cognitive/information-processing/feed/index.html]
[waheedpsycho.wordpress.com/category/theories/cognitive/information-processing/GET]
[waheedpsycho.wordpress.com/2020/05/05/information-processing/index.html]
[waheedpsycho.wordpress.com/category/theories/cognitive/information-processing/index.html]
[waheedpsycho.wordpress.com/category/theories/social/attitudes/GET]
[waheedpsycho.wordpress.com/category/theories/social/attitudes/feed/index.html]
[waheedpsycho.wordpress.com/2020/05/19/attitudes/index.html]
[waheedpsycho.wordpress.com/category/theories/social/attitudes/index.html]
[waheedpsycho.wordpress.com/category/theories/social/compliance-techniques/feed/index.html]
[waheedpsycho.wordpress.com/category/theories/social/compliance-techniques/GET]
[waheedpsycho.wordpress.com/2020/05/19/compliance-techniques/index.html]
[waheedpsycho.wordpress.com/category/theories/social/compliance-techniques/index.html]
[waheedpsycho.wordpress.com/category/theories/social/conformity/feed/index.html]
[waheedpsycho.wordpress.com/category/theories/social/conformity/GET]
[waheedpsycho.wordpress.com/2020/05/19/1002/index.html]
[waheedpsycho.wordpress.com/category/theories/social/conformity/index.html]
[waheedpsycho.files.wordpress.com/2020/04/3-192b1.jpg]
[waheedpsycho.wordpress.com/category/theories/behavioral/feed/index.html]
[waheedpsycho.files.wordpress.com/2020/03/w-16118.png]
[waheedpsycho.wordpress.com/2020/05/03/behavioral-therapy-2/index.html]
[waheedpsycho.wordpress.com/2020/05/03/law-of-effect/index.html]
[waheedpsycho.wordpress.com/2020/05/03/social-learning-theory/index.html]
[waheedpsycho.wordpress.com/category/theories/behavioral/GET]
[waheedpsycho.wordpress.com/2020/05/03/schedules-of-reinforcement/index.html]
[waheedpsycho.wordpress.com/2020/04/19/classical-conditioning/index.html]
[waheedpsycho.wordpress.com/2020/04/19/operant-conditioning/index.html]
[waheedpsycho.wordpress.com/2020/04/13/behavioral-therapy/index.html]
[waheedpsycho.wordpress.com/category/theories/behavioral/index.html]
[waheedpsycho.wordpress.com/category/theories/cognitive/GET]
[waheedpsycho.wordpress.com/category/theories/cognitive/feed/index.html]
[waheedpsycho.wordpress.com/category/theories/cognitive/index.html]
[waheedpsycho.files.wordpress.com/2020/05/1b21a.jpg]
[waheedpsycho.wordpress.com/category/theories/humanist/feed/index.html]
[waheedpsycho.wordpress.com/2020/05/03/person-centered-therapy/index.html]
[waheedpsycho.wordpress.com/2020/05/03/carl-rogers/index.html]
[waheedpsycho.wordpress.com/2020/05/03/hierarchy-of-needs/index.html]
[waheedpsycho.files.wordpress.com/2020/05/249f9.jpg]
[waheedpsycho.files.wordpress.com/2020/05/3f89e.jpg]
[waheedpsycho.files.wordpress.com/2020/05/43ca9.jpg]
[waheedpsycho.wordpress.com/category/theories/humanist/GET]
[waheedpsycho.wordpress.com/2020/05/03/humanism/index.html]
[waheedpsycho.wordpress.com/category/theories/humanist/index.html]
[waheedpsycho.files.wordpress.com/2020/05/mul-13043.jpg]
[waheedpsycho.files.wordpress.com/2020/05/mul-2b72a.jpg]
[waheedpsycho.wordpress.com/category/theories/memory/feed/index.html]
[waheedpsycho.wordpress.com/2020/05/07/840/index.html]
[waheedpsycho.wordpress.com/2020/05/07/long-term-memory/index.html]
[waheedpsycho.wordpress.com/2020/05/07/short-term-memory/index.html]
[waheedpsycho.wordpress.com/category/theories/memory/GET.89.delayed]
[waheedpsycho.wordpress.com/2020/05/06/stages-of-memory/index.html]
[waheedpsycho.wordpress.com/category/theories/memory/index.html]
[waheedpsycho.wordpress.com/category/theories/behavioral/behavioral-therapy/GET]
[waheedpsycho.wordpress.com/category/theories/behavioral/behavioral-therapy/feed/index.html]
[waheedpsycho.wordpress.com/category/theories/behavioral/behavioral-therapy/index.html]
[waheedpsycho.wordpress.com/category/theories/behavioral/classical-conditioning/feed/index.html]
[waheedpsycho.wordpress.com/category/theories/behavioral/classical-conditioning/GET]
[waheedpsycho.wordpress.com/category/theories/behavioral/classical-conditioning/index.html]
[waheedpsycho.wordpress.com/category/theories/behavioral/law-of-effect/GET]
[waheedpsycho.wordpress.com/category/theories/behavioral/law-of-effect/feed/index.html]
[waheedpsycho.wordpress.com/category/theories/behavioral/law-of-effect/index.html]
[waheedpsycho.files.wordpress.com/2020/08/the-psychology-bookc9da.jpg]
[waheedpsycho.wordpress.com/category/waheed/books/feed/index.html]
[waheedpsycho.files.wordpress.com/2020/08/psychodrama-since-moreno7e6e.jpg]
[waheedpsycho.wordpress.com/tag/the-psychology-book/index.html]
[waheedpsycho.wordpress.com/2020/08/19/the-psychology-book/index.html]
[waheedpsycho.files.wordpress.com/2020/08/history-of-psychology-10108ec.jpg]
[waheedpsycho.wordpress.com/2020/08/19/psychodrama-since-moreno/index.html]
[waheedpsycho.wordpress.com/tag/psychodrama-since-moreno/index.html]
[waheedpsycho.wordpress.com/2020/08/19/history-of-psychology-101/index.html]
[waheedpsycho.wordpress.com/tag/history-of-psychology-101/index.html]
[waheedpsycho.files.wordpress.com/2020/08/healing-eating-disorders-with-psychodrama-and-other-action-methodsebf4.jpg]
[waheedpsycho.wordpress.com/2020/08/19/healing-eating-disorders-with-psychodrama-and-other-action-methods/index.html]
[waheedpsycho.files.wordpress.com/2020/08/dual-process-theories-in-moral-psychologyb79d.jpg]
[waheedpsycho.wordpress.com/tag/healing-eating-disorders-with-psychodrama-and-other-action-methods/index.html]
[waheedpsycho.files.wordpress.com/2020/08/developmental-psychology-the-growth-of-mind-and-behavior7770.jpg]
[waheedpsycho.wordpress.com/2020/08/19/dual-process-theories-in-moral-psychology/index.html]
[waheedpsycho.files.wordpress.com/2020/08/abnormal-child-psychology560c.jpg]
[waheedpsycho.wordpress.com/tag/dual-process-theories-in-moral-psychology/index.html]
[waheedpsycho.wordpress.com/2020/08/19/developmental-psychology-the-growth-of-mind-and-behavior/index.html]
[waheedpsycho.wordpress.com/tag/developmental-psychology-the-growth-of-mind-and-behavior/index.html]
[waheedpsycho.files.wordpress.com/2020/08/the-inner-world-outsidee03e.jpg]
[waheedpsycho.wordpress.com/2020/08/19/abnormal-child-psychology/index.html]
[waheedpsycho.wordpress.com/tag/abnormal-child-psychology/index.html]
[waheedpsycho.wordpress.com/2020/08/18/the-inner-world-outside/index.html]
[waheedpsycho.wordpress.com/tag/the-inner-world-outside/index.html]
[waheedpsycho.files.wordpress.com/2020/08/supervision-in-psychodrama1c2b.jpg]
[waheedpsycho.wordpress.com/2020/08/18/supervision-in-psychodrama/index.html]
[waheedpsycho.wordpress.com/category/waheed/books/page/2/index.html]
[waheedpsycho.wordpress.com/tag/supervision-in-psychodrama/index.html]
[waheedpsycho.wordpress.com/category/waheed/books/GET]
[waheedpsycho.wordpress.com/category/waheed/books/index.html]
[waheedpsycho.wordpress.com/category/theories/psychodynamic/carl-jung/GET]
[waheedpsycho.wordpress.com/category/theories/psychodynamic/carl-jung/feed/index.html]
[waheedpsycho.wordpress.com/2020/05/15/carl-jung/index.html]
[waheedpsycho.wordpress.com/category/theories/psychodynamic/carl-jung/index.html]
[waheedpsycho.wordpress.com/category/theories/psychodynamic/defense-mechanisms/feed/index.html]
[waheedpsycho.wordpress.com/category/theories/psychodynamic/defense-mechanisms/GET]
[waheedpsycho.wordpress.com/2020/05/15/defense-mechanisms/index.html]
[waheedpsycho.wordpress.com/category/theories/psychodynamic/defense-mechanisms/index.html]
[waheedpsycho.wordpress.com/category/theories/psychodynamic/id-ego-super-ego/GET]
[waheedpsycho.wordpress.com/category/theories/psychodynamic/id-ego-super-ego/feed/index.html]
[waheedpsycho.wordpress.com/2020/05/15/id-ego-and-superego/index.html]
[waheedpsycho.wordpress.com/category/theories/psychodynamic/id-ego-super-ego/index.html]
[waheedpsycho.wordpress.com/category/theories/psychodynamic/melanie-klein/GET]
[waheedpsycho.wordpress.com/category/theories/psychodynamic/melanie-klein/feed/index.html]
[waheedpsycho.wordpress.com/2020/05/15/melanie-klein/index.html]
[waheedpsycho.wordpress.com/category/theories/psychodynamic/melanie-klein/index.html]
[waheedpsycho.wordpress.com/category/theories/humanist/carl-rogers/GET]
[waheedpsycho.wordpress.com/category/theories/humanist/carl-rogers/feed/index.html]
[waheedpsycho.wordpress.com/category/theories/humanist/carl-rogers/index.html]
[waheedpsycho.wordpress.com/category/theories/humanist/hierarchy-of-needs/feed/index.html]
[waheedpsycho.wordpress.com/category/theories/humanist/hierarchy-of-needs/GET]
[waheedpsycho.wordpress.com/category/theories/humanist/hierarchy-of-needs/index.html]
[waheedpsycho.wordpress.com/category/theories/humanist/humanistic-psychology/feed/index.html]
[waheedpsycho.wordpress.com/category/theories/humanist/humanistic-psychology/GET]
[waheedpsycho.wordpress.com/category/theories/humanist/humanistic-psychology/index.html]
[waheedpsycho.wordpress.com/category/theories/personality/cattells-16pf/GET]
[waheedpsycho.wordpress.com/category/theories/personality/cattells-16pf/feed/index.html]
[waheedpsycho.wordpress.com/category/theories/personality/cattells-16pf/index.html]
[waheedpsycho.wordpress.com/category/theories/personality/eysenck/feed/index.html]
[waheedpsycho.wordpress.com/category/theories/personality/eysenck/GET]
[waheedpsycho.wordpress.com/category/theories/personality/eysenck/index.html]
[waheedpsycho.wordpress.com/category/theories/personality/freudian-theory/GET]
[waheedpsycho.wordpress.com/category/theories/personality/freudian-theory/feed/index.html]
[waheedpsycho.wordpress.com/category/theories/personality/freudian-theory/index.html]
[waheedpsycho.wordpress.com/category/personality-2/cattells-16pf-personality/feed/index.html]
[waheedpsycho.files.wordpress.com/2020/05/18707.png]
[waheedpsycho.files.wordpress.com/2020/05/241e8.png]
[waheedpsycho.wordpress.com/2020/05/04/cattells-16pf-trait-theory/index.html]
[waheedpsycho.files.wordpress.com/2020/05/3ba83.png]
[waheedpsycho.files.wordpress.com/2020/05/4cdc2.png]
[waheedpsycho.files.wordpress.com/2020/05/59c8c.png]
[waheedpsycho.files.wordpress.com/2020/05/6f752.png]
[waheedpsycho.files.wordpress.com/2020/05/729c2.gif]
[waheedpsycho.files.wordpress.com/2020/05/79a00.png]
[waheedpsycho.wordpress.com/category/personality-2/cattells-16pf-personality/GET]
[waheedpsycho.wordpress.com/category/personality-2/cattells-16pf-personality/index.html]
[waheedpsycho.wordpress.com/category/personality-2/eysenck-personality/feed/index.html]
[waheedpsycho.wordpress.com/category/personality-2/eysenck-personality/GET.ca.delayed]
[waheedpsycho.wordpress.com/2020/05/05/eysenck-2/index.html]
[waheedpsycho.wordpress.com/category/personality-2/eysenck-personality/index.html]
[waheedpsycho.wordpress.com/category/personality-2/freudian-theory-personality/GET]
[waheedpsycho.wordpress.com/category/personality-2/freudian-theory-personality/feed/index.html]
[waheedpsycho.wordpress.com/2020/05/05/freuds-theory/index.html]
[waheedpsycho.wordpress.com/category/personality-2/freudian-theory-personality/index.html]
[waheedpsycho.wordpress.com/category/theories/memory/eyewitness-testimony/GET]
[waheedpsycho.wordpress.com/category/theories/memory/eyewitness-testimony/feed/index.html]
[waheedpsycho.wordpress.com/category/theories/memory/eyewitness-testimony/index.html]
[waheedpsycho.wordpress.com/category/theories/memory/forgetting/GET]
[waheedpsycho.wordpress.com/category/theories/memory/forgetting/feed/index.html]
[waheedpsycho.wordpress.com/category/theories/memory/forgetting/index.html]
[waheedpsycho.wordpress.com/category/theories/memory/levels-of-processing/feed/index.html]
[waheedpsycho.wordpress.com/category/theories/memory/levels-of-processing/GET]
[waheedpsycho.wordpress.com/category/theories/memory/levels-of-processing/index.html]
[waheedpsycho.wordpress.com/category/theories/memory/long-term/GET]
[waheedpsycho.wordpress.com/category/theories/memory/long-term/feed/index.html]
[waheedpsycho.wordpress.com/category/theories/memory/long-term/index.html]
[waheedpsycho.wordpress.com/category/theories/memory/memory-intro/GET]
[waheedpsycho.wordpress.com/category/theories/memory/memory-intro/feed/index.html]
[waheedpsycho.wordpress.com/category/theories/memory/memory-intro/index.html]
[waheedpsycho.wordpress.com/category/theories/memory/multi-store-model/feed/index.html]
[waheedpsycho.wordpress.com/category/theories/memory/multi-store-model/GET]
[waheedpsycho.wordpress.com/category/theories/memory/multi-store-model/index.html]
[waheedpsycho.files.wordpress.com/2020/04/cropped-waheed54ea.jpg]
[waheedpsycho.wordpress.com/category/psychodrama/links/feed/index.html]
[waheedpsycho.wordpress.com/2020/04/19/links-2/index.html]
[waheedpsycho.files.wordpress.com/2020/03/w-1f820.png]
[waheedpsycho.files.wordpress.com/2020/04/89dfb.jpg]
[waheedpsycho.files.wordpress.com/2020/04/79dfb.jpg]
[waheedpsycho.files.wordpress.com/2020/04/6-e15976289325779dfb.jpg]
[waheedpsycho.files.wordpress.com/2020/04/a-69dfb.jpg]
[waheedpsycho.files.wordpress.com/2020/04/59dfb.jpg]
[waheedpsycho.files.wordpress.com/2020/04/4f2cc.jpg]
[waheedpsycho.files.wordpress.com/2020/04/119dfb.jpg]
[waheedpsycho.files.wordpress.com/2020/04/294fa.jpg]
[waheedpsycho.files.wordpress.com/2020/04/1-14eb6.jpg]
[waheedpsycho.files.wordpress.com/2020/04/39dfb.jpg]
[i0.wp.com/www.londoncentreforpsychodrama.org/images/lcp_logo.jpg]
[waheedpsycho.files.wordpress.com/2020/03/winter-landscape-2571788_1920781f.jpg]
[waheedpsycho.files.wordpress.com/2020/04/a-21e829.jpg]
[waheedpsycho.wordpress.com/category/psychodrama/links/GET]
[waheedpsycho.wordpress.com/category/psychodrama/links/index.html]
[s0.wp.com/wp-content/mu-plugins/jetpack-plugin/moon/modules/related-posts/related-posts-rtl60ec.css]
[s1.wp.com/_static/indexce81.html]
[waheedpsycho.wordpress.com/2021/01/11/phd/feed/index.html]
[waheedpsycho.wordpress.com/2021/01/11/phd/GET.f6.delayed]
[waheedpsycho.wordpress.com/2021/01/11/phd/index.html]
[waheedpsycho.wordpress.com/author/waheedalomari/feed/index.html]
[waheedpsycho.wordpress.com/author/waheedalomari/GET]
[waheedpsycho.wordpress.com/author/waheedalomari/page/2/index.html]
[waheedpsycho.wordpress.com/author/waheedalomari/index.html]
[waheedpsycho.wordpress.com/2020/11/10/المدونة/index.html]
[waheedpsycho.wordpress.com/2020/11/02/phsychology/feed/index.html]
[waheedpsycho.wordpress.com/2020/11/02/phsychology/GET]
[waheedpsycho.wordpress.com/2020/11/02/phsychology/index.html]
[waheedpsycho.wordpress.com/2020/10/30/educational-psychology/feed/index.html]
[waheedpsycho.wordpress.com/2020/10/30/educational-psychology/GET]
[waheedpsycho.wordpress.com/2020/10/30/educational-psychology/index.html]
[waheedpsycho.files.wordpress.com/2020/09/img_20200908_0849199dfb.jpg]
[waheedpsycho.wordpress.com/2020/09/12/s-4/feed/index.html]
[waheedpsycho.wordpress.com/2020/09/12/s-4/GET]
[waheedpsycho.wordpress.com/2020/09/12/s-4/index.html]
[waheedpsycho.files.wordpress.com/2020/09/img_20200619_181437a2e5.jpg]
[waheedpsycho.wordpress.com/2020/09/12/s-3/feed/index.html]
[waheedpsycho.files.wordpress.com/2020/09/img_20200712_155618a2e5.jpg]
[waheedpsycho.files.wordpress.com/2020/09/img_20200712_155623a2e5.jpg]
[waheedpsycho.files.wordpress.com/2020/09/img_20200712_160600a2e5.jpg]
[waheedpsycho.files.wordpress.com/2020/09/img_20200724_105230a2e5.jpg]
[waheedpsycho.files.wordpress.com/2020/09/img_20200827_084742a2e5.jpg]
[waheedpsycho.files.wordpress.com/2020/09/img_20200907_100919a2e5.jpg]
[waheedpsycho.files.wordpress.com/2020/09/img_20200907_113507a2e5.jpg]
[waheedpsycho.files.wordpress.com/2020/09/img_20200908_084919a2e5.jpg]
[waheedpsycho.files.wordpress.com/2020/09/img_20200908_085153a2e5.jpg]
[waheedpsycho.files.wordpress.com/2020/09/img_20200908_085231a2e5.jpg]
[waheedpsycho.files.wordpress.com/2020/09/img_20200908_105845a2e5.jpg]
[waheedpsycho.wordpress.com/2020/09/12/s-3/GET]
[waheedpsycho.wordpress.com/2020/09/12/s-3/index.html]
[waheedpsycho.files.wordpress.com/2020/09/img_20200707_133828a2e5.jpg]
[waheedpsycho.wordpress.com/2020/09/12/s-2/feed/index.html]
[waheedpsycho.wordpress.com/2020/09/12/s-2/GET]
[waheedpsycho.wordpress.com/2020/09/12/s-2/index.html]
[waheedpsycho.files.wordpress.com/2020/09/img_20200618_122036a2e5.jpg]
[waheedpsycho.wordpress.com/2020/09/11/s-1/feed/index.html]
[waheedpsycho.wordpress.com/2020/09/11/s-1/GET]
[waheedpsycho.wordpress.com/2020/09/11/s-1/index.html]
[waheedpsycho.wordpress.com/2020/09/01/characteristics-of-shy-and-socially-phobic-individuals/GET]
[waheedpsycho.wordpress.com/2020/09/01/characteristics-of-shy-and-socially-phobic-individuals/feed/index.html]
[waheedpsycho.wordpress.com/2020/09/01/characteristics-of-shy-and-socially-phobic-individuals/index.html]
[waheedpsycho.wordpress.com/tag/characteristics-of-shy-and-socially-phobic-individuals/feed/index.html]
[waheedpsycho.wordpress.com/tag/characteristics-of-shy-and-socially-phobic-individuals/GET]
[waheedpsycho.wordpress.com/tag/characteristics-of-shy-and-socially-phobic-individuals/index.html]
[waheedpsycho.wordpress.com/2020/08/23/psychodramas-role-in-alleviating-acute-distress-a-case-study/feed/index.html]
[waheedpsycho.wordpress.com/2020/08/23/psychodramas-role-in-alleviating-acute-distress-a-case-study/GET]
[waheedpsycho.wordpress.com/2020/08/23/psychodrama-and-moviemaking-in-a-death-education-course-to-work-through-a-case-of-suicide-among-high-school-students-in-italy/index.html]
[waheedpsycho.wordpress.com/2020/08/23/psychodramas-role-in-alleviating-acute-distress-a-case-study/index.html]
[waheedpsycho.wordpress.com/tag/psychodramas-role-in-alleviating-acute-distress-a-case-study/GET]
[waheedpsycho.wordpress.com/tag/psychodramas-role-in-alleviating-acute-distress-a-case-study/feed/index.html]
[waheedpsycho.wordpress.com/tag/psychodramas-role-in-alleviating-acute-distress-a-case-study/index.html]
[waheedpsycho.wordpress.com/tag/psychodrama-and-moviemaking-in-a-death-education-course-to-work-through-a-case-of-suicide-among-high-school-students-in-italy/index.html]
[waheedpsycho.wordpress.com/2020/08/22/integrative-systematic-review-of-psychodrama-psychotherapy-research-trends-and-methodological-implications/index.html]
[www.fepto.com/wp-content/uploads/VII-Sociodrama-Conference.jpg]
[waheedpsycho.wordpress.com/tag/integrative-systematic-review-of-psychodrama-psychotherapy-research-trends-and-methodological-implications/index.html]
[waheedpsycho.wordpress.com/2020/08/22/helpful-and-hindering-factors-in-psychodrama-field-training-a-longitudinal-mixed-methods-study-of-student-development/index.html]
[waheedpsycho.wordpress.com/tag/helpful-and-hindering-factors-in-psychodrama-field-training-a-longitudinal-mixed-methods-study-of-student-development/index.html]
[waheedpsycho.wordpress.com/tag/anxiety-depression-scores-and-saliva-cortisol-in-patients-with-depression/index.html]
[waheedpsycho.wordpress.com/2020/08/22/does-psychodrama-affect-perceived-stress-anxiety-depression-scores-and-saliva-cortisol-in-patients-with-depression/index.html]
[waheedpsycho.wordpress.com/tag/does-psychodrama-affect-perceived-stress/index.html]
[www.fepto.com/wp-content/uploads/Psikodrama-ve-trauma.jpg]
[waheedpsycho.wordpress.com/2020/08/19/annual-meetings/index.html]
[www.fepto.com/wp-content/uploads/bergama-2020.jpg]
[www.fepto.com/wp-content/uploads/Ohrid-FEPTO-conference.jpg]
[waheedpsycho.files.wordpress.com/2020/08/the-psychology-bookc2d0.jpg]
[waheedpsycho.files.wordpress.com/2020/08/psychodrama-since-moreno5cd2.jpg]
[waheedpsycho.files.wordpress.com/2020/08/history-of-psychology-10190f1.jpg]
[waheedpsycho.files.wordpress.com/2020/08/healing-eating-disorders-with-psychodrama-and-other-action-methods155c.jpg]
[waheedpsycho.files.wordpress.com/2020/08/dual-process-theories-in-moral-psychology199f.jpg]
[waheedpsycho.wordpress.com/page/2/GET.138.delayed]
[waheedpsycho.wordpress.com/page/3/index.html]
[waheedpsycho.wordpress.com/page/2/index.html]
[waheedpsycho.wordpress.com/GET.html]
[s0.wp.com/wp-content/mu-plugins/actionbar/actionbar2866.css]
[s1.wp.com/wp-content/mu-plugins/jetpack-plugin/moon/modules/carousel/swiper-bundleee2b.css]
[s1.wp.com/wp-content/mu-plugins/jetpack-plugin/moon/modules/carousel/jetpack-carousel-rtl3709.css]
[s1.wp.com/wp-content/mu-plugins/jetpack-plugin/moon/modules/tiled-gallery/tiled-gallery/tiled-gallery-rtl9a5f.css]
[widgets.outbrain.com/widgetMonitor/monitor49de.html]
[widgets.outbrain.com/widgetMonitor/monitor840e.html]
[widgets.outbrain.com/adngin/adngin.js]
[widgets.outbrain.com/tnt/sst.js]
[widgets.outbrain.com/outbrain0ada.js]
[waheedpsycho.wordpress.com/category/blog/GET.html]
[waheedpsycho.wordpress.com/category/blog/a/GET.html]
[waheedpsycho.wordpress.com/2020/05/19/abnormal-psychology/feed/index.html]
[waheedpsycho.wordpress.com/2020/05/19/abnormal-psychology/GET.140.delayed]
[waheedpsycho.wordpress.com/2020/05/17/psychosocial-stages/index.html]
[waheedpsycho.wordpress.com/2020/05/19/abnormal-psychology/index.html]
[waheedpsycho.wordpress.com/category/theories/psychopathology/abnormal-psychology/GET.html]
[waheedpsycho.wordpress.com/2020/05/19/cognitive-therapy/GET]
[waheedpsycho.wordpress.com/2020/05/19/cognitive-therapy/feed/index.html]
[waheedpsycho.wordpress.com/2020/05/19/cognitive-therapy/index.html]
[waheedpsycho.wordpress.com/category/theories/psychopathology/cognitive-therapy-psychopathology/GET.html]
[waheedpsycho.wordpress.com/2020/05/19/depression/feed/index.html]
[waheedpsycho.wordpress.com/2020/05/19/depression/GET]
[waheedpsycho.wordpress.com/2020/05/19/depression/index.html]
[waheedpsycho.wordpress.com/category/theories/psychopathology/depression/GET.html]
[waheedpsycho.wordpress.com/2020/05/19/medical-model/feed/index.html]
[waheedpsycho.wordpress.com/2020/05/19/medical-model/GET]
[waheedpsycho.wordpress.com/2020/05/19/psychoanalysis-2/index.html]
[waheedpsycho.wordpress.com/2020/05/19/medical-model/index.html]
[waheedpsycho.wordpress.com/category/theories/psychopathology/medical-model/GET.html]
[waheedpsycho.wordpress.com/2020/05/17/attachment/feed/index.html]
[waheedpsycho.wordpress.com/2020/05/17/attachment/GET]
[waheedpsycho.wordpress.com/2020/05/15/zpd/index.html]
[waheedpsycho.wordpress.com/2020/05/17/attachment/index.html]
[waheedpsycho.wordpress.com/category/theories/o-developmental/attachment/GET.html]
[waheedpsycho.wordpress.com/2020/05/15/concrete-stage/feed/index.html]
[waheedpsycho.wordpress.com/2020/05/15/concrete-stage/GET]
[waheedpsycho.wordpress.com/2020/05/15/preoperational-stage/index.html]
[waheedpsycho.wordpress.com/2020/05/15/concrete-stage/index.html]
[waheedpsycho.wordpress.com/category/theories/o-developmental/concrete-stage/GET.html]
[waheedpsycho.wordpress.com/2020/05/15/formal-operational-stage/feed/index.html]
[waheedpsycho.wordpress.com/2020/05/15/formal-operational-stage/GET]
[waheedpsycho.wordpress.com/2020/05/15/formal-operational-stage/index.html]
[waheedpsycho.wordpress.com/category/theories/o-developmental/formal-operational-stage/GET.html]
[waheedpsycho.wordpress.com/2020/05/15/ojean-piaget/GET]
[waheedpsycho.wordpress.com/2020/05/15/osensorimotor-stage/index.html]
[waheedpsycho.wordpress.com/2020/05/15/ojean-piaget/feed/index.html]
[waheedpsycho.wordpress.com/2020/05/15/ojean-piaget/index.html]
[waheedpsycho.wordpress.com/category/theories/o-developmental/jean-piaget/GET.html]
[waheedpsycho.wordpress.com/2020/05/17/jerome-bruner/feed/index.html]
[waheedpsycho.wordpress.com/2020/05/17/jerome-bruner/GET]
[waheedpsycho.wordpress.com/2020/05/17/jerome-bruner/index.html]
[waheedpsycho.wordpress.com/category/theories/o-developmental/jerome-bruner/GET.html]
[waheedpsycho.wordpress.com/2020/05/17/john-bowlby/GET]
[waheedpsycho.wordpress.com/2020/05/17/john-bowlby/feed/index.html]
[waheedpsycho.wordpress.com/2020/05/17/john-bowlby/index.html]
[waheedpsycho.wordpress.com/category/theories/o-developmental/john-bowlby/GET.html]
[waheedpsycho.wordpress.com/2020/05/17/kohlberg-moral-dev/GET]
[waheedpsycho.wordpress.com/2020/05/17/piaget-moral-dev/index.html]
[waheedpsycho.wordpress.com/2020/05/17/kohlberg-moral-dev/feed/index.html]
[waheedpsycho.wordpress.com/2020/05/17/kohlberg-moral-dev/index.html]
[waheedpsycho.wordpress.com/category/theories/o-developmental/kohlberg-moral-dev/GET.html]
[waheedpsycho.wordpress.com/2020/05/15/lev-vygostksy/GET]
[waheedpsycho.wordpress.com/2020/05/15/lev-vygostksy/feed/index.html]
[waheedpsycho.wordpress.com/2020/05/15/lev-vygostksy/index.html]
[waheedpsycho.wordpress.com/category/theories/o-developmental/lev-vygostksy/GET.html]
[waheedpsycho.wordpress.com/category/theories/cognitive/attention/GET.html]
[waheedpsycho.wordpress.com/category/theories/cognitive/cognitive-dissonance/GET.html]
[waheedpsycho.wordpress.com/2020/05/05/cognitive-psychology/feed/index.html]
[waheedpsycho.wordpress.com/2020/05/05/cognitive-psychology/GET]
[waheedpsycho.wordpress.com/2020/05/05/type-a/index.html]
[waheedpsycho.wordpress.com/2020/05/05/cognitive-psychology/index.html]
[waheedpsycho.wordpress.com/category/theories/cognitive/cognitive-psychology/GET.html]
[waheedpsycho.wordpress.com/category/theories/cognitive/cognitive-therapy/GET.html]
[waheedpsycho.wordpress.com/2020/05/05/information-processing/GET]
[waheedpsycho.wordpress.com/2020/05/05/information-processing/feed/index.html]
[waheedpsycho.wordpress.com/2020/05/05/information-processing/index.html]
[waheedpsycho.wordpress.com/category/theories/cognitive/information-processing/GET.html]
[s2.wp.com/_static/indexd62d.html]
[waheedpsycho.wordpress.com/2020/05/19/attitudes/feed/index.html]
[waheedpsycho.wordpress.com/2020/05/19/attitudes/GET.16a.delayed]
[waheedpsycho.wordpress.com/2020/05/19/attitudes/index.html]
[waheedpsycho.wordpress.com/category/theories/social/attitudes/GET.html]
[waheedpsycho.wordpress.com/2020/05/19/compliance-techniques/feed/index.html]
[waheedpsycho.wordpress.com/2020/05/19/compliance-techniques/GET]
[waheedpsycho.wordpress.com/2020/05/19/compliance-techniques/index.html]
[waheedpsycho.wordpress.com/category/theories/social/compliance-techniques/GET.html]
[waheedpsycho.wordpress.com/2020/05/19/1002/feed/index.html]
[waheedpsycho.wordpress.com/2020/05/19/1002/GET]
[waheedpsycho.wordpress.com/2020/05/19/obedience/index.html]
[waheedpsycho.wordpress.com/2020/05/19/1002/index.html]
[waheedpsycho.wordpress.com/category/theories/social/conformity/GET.html]
[waheedpsycho.wordpress.com/2020/05/03/behavioral-therapy-2/feed/index.html]
[waheedpsycho.wordpress.com/2020/05/03/behavioral-therapy-2/GET]
[waheedpsycho.wordpress.com/2020/05/03/behavioral-therapy-2/index.html]
[waheedpsycho.wordpress.com/2020/05/03/social-learning-theory/feed/index.html]
[waheedpsycho.wordpress.com/2020/05/03/social-learning-theory/GET]
[waheedpsycho.wordpress.com/2020/05/03/social-learning-theory/index.html]
[waheedpsycho.wordpress.com/2020/05/03/law-of-effect/feed/index.html]
[waheedpsycho.wordpress.com/2020/05/03/law-of-effect/GET]
[waheedpsycho.wordpress.com/2020/05/03/law-of-effect/index.html]
[waheedpsycho.wordpress.com/2020/05/03/schedules-of-reinforcement/GET]
[waheedpsycho.wordpress.com/2020/05/03/schedules-of-reinforcement/feed/index.html]
[waheedpsycho.wordpress.com/2020/05/03/schedules-of-reinforcement/index.html]
[waheedpsycho.wordpress.com/2020/04/19/operant-conditioning/feed/index.html]
[waheedpsycho.wordpress.com/2020/04/19/operant-conditioning/GET]
[waheedpsycho.wordpress.com/2020/04/19/operant-conditioning/index.html]
[waheedpsycho.wordpress.com/2020/04/19/classical-conditioning/GET]
[waheedpsycho.wordpress.com/2020/04/19/classical-conditioning/feed/index.html]
[waheedpsycho.wordpress.com/2020/04/19/classical-conditioning/index.html]
[waheedpsycho.files.wordpress.com/2020/03/w-16e05.png]
[waheedpsycho.wordpress.com/2020/04/13/behavioral-therapy/feed/index.html]
[waheedpsycho.wordpress.com/2020/04/13/behavioral-therapy/GET]
[waheedpsycho.wordpress.com/2020/04/13/behavioral-therapy/index.html]
[waheedpsycho.wordpress.com/category/theories/behavioral/GET.html]
[waheedpsycho.wordpress.com/category/theories/cognitive/GET.html]
[waheedpsycho.wordpress.com/2020/05/03/person-centered-therapy/feed/index.html]
[waheedpsycho.wordpress.com/2020/05/03/person-centered-therapy/GET]
[waheedpsycho.wordpress.com/2020/05/04/theories-of-personality/index.html]
[waheedpsycho.wordpress.com/2020/05/03/person-centered-therapy/index.html]
[waheedpsycho.wordpress.com/2020/05/03/carl-rogers/feed/index.html]
[waheedpsycho.wordpress.com/2020/05/03/carl-rogers/GET]
[waheedpsycho.wordpress.com/2020/05/03/carl-rogers/index.html]
[waheedpsycho.wordpress.com/2020/05/03/hierarchy-of-needs/feed/index.html]
[waheedpsycho.wordpress.com/2020/05/03/hierarchy-of-needs/GET]
[waheedpsycho.wordpress.com/2020/05/03/hierarchy-of-needs/index.html]
[waheedpsycho.wordpress.com/2020/05/03/humanism/feed/index.html]
[waheedpsycho.wordpress.com/2020/05/03/humanism/GET]
[waheedpsycho.wordpress.com/2020/05/03/humanism/index.html]
[waheedpsycho.wordpress.com/category/theories/humanist/GET.html]
[waheedpsycho.wordpress.com/2020/05/07/840/GET]
[waheedpsycho.wordpress.com/2020/05/08/sites/index.html]
[waheedpsycho.wordpress.com/2020/05/07/840/feed/index.html]
[waheedpsycho.wordpress.com/2020/05/07/840/index.html]
[waheedpsycho.wordpress.com/2020/05/07/short-term-memory/GET]
[waheedpsycho.wordpress.com/2020/05/07/short-term-memory/feed/index.html]
[waheedpsycho.wordpress.com/2020/05/07/short-term-memory/index.html]
[waheedpsycho.wordpress.com/2020/05/07/long-term-memory/feed/index.html]
[waheedpsycho.wordpress.com/2020/05/07/long-term-memory/GET]
[waheedpsycho.wordpress.com/2020/05/07/long-term-memory/index.html]
[waheedpsycho.wordpress.com/2020/05/06/stages-of-memory/GET]
[waheedpsycho.wordpress.com/2020/05/06/stages-of-memory/feed/index.html]
[waheedpsycho.wordpress.com/2020/05/06/stages-of-memory/index.html]
[waheedpsycho.wordpress.com/category/theories/memory/GET.html]
[waheedpsycho.wordpress.com/category/theories/behavioral/behavioral-therapy/GET.html]
[waheedpsycho.wordpress.com/category/theories/behavioral/classical-conditioning/GET.html]
[waheedpsycho.wordpress.com/category/theories/behavioral/law-of-effect/GET.html]
[waheedpsycho.wordpress.com/2020/08/19/the-psychology-book/feed/index.html]
[waheedpsycho.wordpress.com/2020/08/19/the-psychology-book/GET]
[waheedpsycho.wordpress.com/2020/08/19/the-psychology-book/index.html]
[waheedpsycho.wordpress.com/tag/the-psychology-book/GET]
[waheedpsycho.wordpress.com/tag/the-psychology-book/feed/index.html]
[waheedpsycho.wordpress.com/tag/the-psychology-book/index.html]
[waheedpsycho.wordpress.com/2020/08/19/psychodrama-since-moreno/feed/index.html]
[waheedpsycho.wordpress.com/2020/08/19/psychodrama-since-moreno/GET]
[waheedpsycho.wordpress.com/2020/08/19/psychodrama-since-moreno/index.html]
[waheedpsycho.wordpress.com/tag/psychodrama-since-moreno/feed/index.html]
[waheedpsycho.wordpress.com/tag/psychodrama-since-moreno/GET]
[waheedpsycho.wordpress.com/tag/psychodrama-since-moreno/index.html]
[waheedpsycho.wordpress.com/2020/08/19/history-of-psychology-101/feed/index.html]
[waheedpsycho.wordpress.com/2020/08/19/history-of-psychology-101/GET]
[waheedpsycho.wordpress.com/2020/08/19/history-of-psychology-101/index.html]
[waheedpsycho.wordpress.com/tag/history-of-psychology-101/feed/index.html]
[waheedpsycho.wordpress.com/tag/history-of-psychology-101/GET]
[waheedpsycho.wordpress.com/tag/history-of-psychology-101/index.html]
[waheedpsycho.wordpress.com/2020/08/19/healing-eating-disorders-with-psychodrama-and-other-action-methods/feed/index.html]
[waheedpsycho.wordpress.com/2020/08/19/healing-eating-disorders-with-psychodrama-and-other-action-methods/GET]
[waheedpsycho.wordpress.com/2020/08/19/healing-eating-disorders-with-psychodrama-and-other-action-methods/index.html]
[waheedpsycho.wordpress.com/tag/healing-eating-disorders-with-psychodrama-and-other-action-methods/feed/index.html]
[waheedpsycho.wordpress.com/tag/healing-eating-disorders-with-psychodrama-and-other-action-methods/GET]
[waheedpsycho.wordpress.com/tag/healing-eating-disorders-with-psychodrama-and-other-action-methods/index.html]
[waheedpsycho.wordpress.com/2020/08/19/dual-process-theories-in-moral-psychology/feed/index.html]
[waheedpsycho.wordpress.com/2020/08/19/dual-process-theories-in-moral-psychology/GET]
[waheedpsycho.wordpress.com/2020/08/19/dual-process-theories-in-moral-psychology/index.html]
[waheedpsycho.wordpress.com/tag/dual-process-theories-in-moral-psychology/feed/index.html]
[waheedpsycho.wordpress.com/tag/dual-process-theories-in-moral-psychology/GET]
[waheedpsycho.wordpress.com/tag/dual-process-theories-in-moral-psychology/index.html]
[waheedpsycho.wordpress.com/2020/08/19/developmental-psychology-the-growth-of-mind-and-behavior/feed/index.html]
[waheedpsycho.files.wordpress.com/2020/08/developmental-psychology-the-growth-of-mind-and-behavior974b.jpg]
[waheedpsycho.wordpress.com/2020/08/19/developmental-psychology-the-growth-of-mind-and-behavior/GET]
[waheedpsycho.wordpress.com/2020/08/19/developmental-psychology-the-growth-of-mind-and-behavior/index.html]
[waheedpsycho.wordpress.com/tag/developmental-psychology-the-growth-of-mind-and-behavior/feed/index.html]
[waheedpsycho.wordpress.com/tag/developmental-psychology-the-growth-of-mind-and-behavior/GET]
[waheedpsycho.wordpress.com/tag/developmental-psychology-the-growth-of-mind-and-behavior/index.html]
[waheedpsycho.files.wordpress.com/2020/08/abnormal-child-psychology3aee.jpg]
[waheedpsycho.wordpress.com/2020/08/19/abnormal-child-psychology/GET]
[waheedpsycho.wordpress.com/2020/08/19/abnormal-child-psychology/feed/index.html]
[waheedpsycho.wordpress.com/2020/08/19/abnormal-child-psychology/index.html]
[waheedpsycho.wordpress.com/tag/abnormal-child-psychology/feed/index.html]
[waheedpsycho.wordpress.com/tag/abnormal-child-psychology/GET]
[waheedpsycho.wordpress.com/tag/abnormal-child-psychology/index.html]
[waheedpsycho.files.wordpress.com/2020/08/the-inner-world-outside6a13.jpg]
[waheedpsycho.wordpress.com/2020/08/18/the-inner-world-outside/feed/index.html]
[waheedpsycho.wordpress.com/2020/08/18/the-inner-world-outside/GET]
[waheedpsycho.wordpress.com/2020/08/18/the-inner-world-outside/index.html]
[waheedpsycho.wordpress.com/tag/the-inner-world-outside/feed/index.html]
[waheedpsycho.wordpress.com/tag/the-inner-world-outside/GET]
[waheedpsycho.wordpress.com/tag/the-inner-world-outside/index.html]
[waheedpsycho.files.wordpress.com/2020/08/supervision-in-psychodramac354.jpg]
[waheedpsycho.wordpress.com/2020/08/18/supervision-in-psychodrama/feed/index.html]
[waheedpsycho.wordpress.com/2020/08/18/supervision-in-psychodrama/GET]
[waheedpsycho.wordpress.com/2020/08/18/psychodrama-empirical-research-and-science/index.html]
[waheedpsycho.wordpress.com/2020/08/18/supervision-in-psychodrama/index.html]
[waheedpsycho.wordpress.com/tag/supervision-in-psychodrama/feed/index.html]
[waheedpsycho.wordpress.com/tag/supervision-in-psychodrama/GET]
[waheedpsycho.wordpress.com/tag/supervision-in-psychodrama/index.html]
[waheedpsycho.files.wordpress.com/2020/08/psychodrama-empirical-research-and-science11fd.jpg]
[waheedpsycho.files.wordpress.com/2020/08/psychodrama-advances-in-theory-and-practice203c.jpg]
[waheedpsycho.wordpress.com/tag/psychodrama-empirical-research-and-science/index.html]
[waheedpsycho.wordpress.com/tag/psychodrama-advances-in-theory-and-practice/index.html]
[waheedpsycho.wordpress.com/2020/08/18/psychodrama-advances-in-theory-and-practice/index.html]
[waheedpsycho.files.wordpress.com/2020/08/group-therapy-with-childrenc354.jpg]
[waheedpsycho.wordpress.com/2020/08/18/group-therapy-with-children/index.html]
[waheedpsycho.files.wordpress.com/2020/08/drama-psychotherapy-and-psychosis-1155c.jpg]
[waheedpsycho.files.wordpress.com/2020/08/contemporary-psychodrama155c.jpg]
[waheedpsycho.wordpress.com/tag/group-therapy-with-children/index.html]
[waheedpsycho.wordpress.com/2020/08/18/drama-psychotherapy-and-psychosis/index.html]
[waheedpsycho.wordpress.com/tag/drama-psychotherapy-and-psychosis/index.html]
[waheedpsycho.wordpress.com/2020/08/18/contemporary-psychodrama/index.html]
[waheedpsycho.wordpress.com/tag/contemporary-psychodrama/index.html]
[waheedpsycho.files.wordpress.com/2020/08/psychodrama-and-systemic-therapy-1e3bd.jpg]
[waheedpsycho.wordpress.com/2020/08/18/psychodrama-and-systemic-therapy/index.html]
[waheedpsycho.wordpress.com/tag/psychodrama-and-systemic-therapy/index.html]
[waheedpsycho.files.wordpress.com/2020/08/psychodrama6100.jpg]
[waheedpsycho.wordpress.com/2020/08/18/psychodrama/index.html]
[waheedpsycho.wordpress.com/category/waheed/books/page/2/GET]
[waheedpsycho.wordpress.com/tag/psychodrama/index.html]
[waheedpsycho.wordpress.com/category/waheed/books/page/2/index.html]
[waheedpsycho.wordpress.com/category/waheed/books/GET.html]
[waheedpsycho.wordpress.com/2020/05/15/carl-jung/GET]
[waheedpsycho.wordpress.com/2020/05/15/carl-jung/feed/index.html]
[waheedpsycho.wordpress.com/2020/05/15/carl-jung/index.html]
[waheedpsycho.wordpress.com/category/theories/psychodynamic/carl-jung/GET.html]
[waheedpsycho.wordpress.com/2020/05/15/defense-mechanisms/feed/index.html]
[waheedpsycho.wordpress.com/2020/05/15/psychosexual-stages/index.html]
[waheedpsycho.wordpress.com/2020/05/15/defense-mechanisms/GET]
[waheedpsycho.wordpress.com/2020/05/15/defense-mechanisms/index.html]
[waheedpsycho.wordpress.com/category/theories/psychodynamic/defense-mechanisms/GET.html]
[waheedpsycho.wordpress.com/2020/05/15/id-ego-and-superego/feed/index.html]
[waheedpsycho.wordpress.com/2020/05/15/id-ego-and-superego/GET]
[waheedpsycho.wordpress.com/2020/05/15/psychoanalysis/index.html]
[waheedpsycho.wordpress.com/2020/05/15/unconscious-mind/index.html]
[waheedpsycho.wordpress.com/2020/05/15/id-ego-and-superego/index.html]
[waheedpsycho.wordpress.com/category/theories/psychodynamic/id-ego-super-ego/GET.html]
[waheedpsycho.wordpress.com/2020/05/15/melanie-klein/feed/index.html]
[waheedpsycho.wordpress.com/2020/05/15/melanie-klein/GET]
[waheedpsycho.wordpress.com/2020/05/15/melanie-klein/index.html]
[waheedpsycho.wordpress.com/category/theories/psychodynamic/melanie-klein/GET.html]
[waheedpsycho.wordpress.com/category/theories/humanist/carl-rogers/GET.html]
[waheedpsycho.wordpress.com/category/theories/humanist/hierarchy-of-needs/GET.html]
[waheedpsycho.wordpress.com/category/theories/humanist/humanistic-psychology/GET.html]
[waheedpsycho.wordpress.com/category/theories/personality/cattells-16pf/GET.html]
[waheedpsycho.wordpress.com/category/theories/personality/eysenck/GET.html]
[waheedpsycho.wordpress.com/category/theories/personality/freudian-theory/GET.html]
[waheedpsycho.wordpress.com/2020/05/04/cattells-16pf-trait-theory/feed/index.html]
[waheedpsycho.wordpress.com/2020/05/04/eysenck/index.html]
[waheedpsycho.wordpress.com/2020/05/04/cattells-16pf-trait-theory/GET]
[waheedpsycho.wordpress.com/2020/05/04/cattells-16pf-trait-theory/index.html]
[waheedpsycho.wordpress.com/category/personality-2/cattells-16pf-personality/GET.html]
[waheedpsycho.wordpress.com/2020/05/05/eysenck-2/feed/index.html]
[waheedpsycho.wordpress.com/2020/05/05/eysenck-2/GET]
[waheedpsycho.wordpress.com/2020/05/05/eysenck-2/index.html]
[waheedpsycho.wordpress.com/category/personality-2/eysenck-personality/GET.html]
[waheedpsycho.wordpress.com/2020/05/05/freuds-theory/feed/index.html]
[waheedpsycho.wordpress.com/2020/05/05/freuds-theory/GET]
[waheedpsycho.wordpress.com/2020/05/05/freuds-theory/index.html]
[waheedpsycho.wordpress.com/category/personality-2/freudian-theory-personality/GET.html]
[waheedpsycho.wordpress.com/category/theories/memory/eyewitness-testimony/GET.html]
[waheedpsycho.wordpress.com/category/theories/memory/forgetting/GET.html]
[waheedpsycho.wordpress.com/category/theories/memory/levels-of-processing/GET.html]
[waheedpsycho.wordpress.com/category/theories/memory/long-term/GET.html]
[waheedpsycho.wordpress.com/category/theories/memory/memory-intro/GET.html]
[waheedpsycho.wordpress.com/category/theories/memory/multi-store-model/GET.html]
[waheedpsycho.files.wordpress.com/2020/03/phpthumb_generated_thumbnail32d1.jpg]
[waheedpsycho.wordpress.com/2020/04/19/links-2/feed/index.html]
[waheedpsycho.wordpress.com/2020/04/19/links-2/GET]
[waheedpsycho.wordpress.com/2020/04/19/links-2/index6809.html]
[waheedpsycho.wordpress.com/2020/04/19/links-2/indexcf46.html]
[waheedpsycho.wordpress.com/2020/04/19/links-2/index.html]
[i0.wp.com/www.psychodramansp.co.uk/images/NSP logo_update.html]
[waheedpsycho.wordpress.com/category/psychodrama/links/GET.html]
[s1.wp.com/_static/indexce81.html]
[s0.wp.com/wp-content/mu-plugins/jetpack-plugin/moon/modules/related-posts/related-posts-rtl60ec.css]
[waheedpsycho.wordpress.com/2021/01/11/phd/index9a7b.html]
[waheedpsycho.wordpress.com/2021/01/11/phd/index5a58.html]
[waheedpsycho.wordpress.com/2021/01/11/phd/GET.html]
[waheedpsycho.wordpress.com/author/waheedalomari/page/2/GET]
[waheedpsycho.wordpress.com/author/waheedalomari/page/3/index.html]
[waheedpsycho.wordpress.com/author/waheedalomari/page/2/index.html]
[waheedpsycho.wordpress.com/author/waheedalomari/GET.html]
[waheedpsycho.wordpress.com/2020/11/02/phsychology/index9a7b.html]
[waheedpsycho.wordpress.com/2020/11/02/phsychology/index5a58.html]
[waheedpsycho.wordpress.com/2020/11/02/phsychology/GET.html]
[waheedpsycho.wordpress.com/2020/10/30/educational-psychology/index9a7b.html]
[waheedpsycho.wordpress.com/2020/10/30/educational-psychology/index5a58.html]
[waheedpsycho.wordpress.com/2020/10/30/educational-psychology/GET.html]
[waheedpsycho.wordpress.com/2020/09/12/s-4/index9a7b.html]
[waheedpsycho.wordpress.com/2020/09/12/s-4/index5a58.html]
[waheedpsycho.wordpress.com/2020/09/12/s-4/GET.html]
[waheedpsycho.wordpress.com/2020/09/12/s-3/index9a7b.html]
[waheedpsycho.wordpress.com/2020/09/12/s-3/index5a58.html]
[waheedpsycho.wordpress.com/2020/09/12/s-3/GET.html]
[waheedpsycho.wordpress.com/2020/09/12/s-2/index9a7b.html]
[waheedpsycho.wordpress.com/2020/09/12/s-2/index5a58.html]
[waheedpsycho.wordpress.com/2020/09/12/s-2/GET.html]
[waheedpsycho.wordpress.com/2020/09/11/s-1/index9a7b.html]
[waheedpsycho.wordpress.com/2020/09/11/s-1/index5a58.html]
[waheedpsycho.wordpress.com/2020/09/11/s-1/GET.html]
[waheedpsycho.wordpress.com/2020/09/01/characteristics-of-shy-and-socially-phobic-individuals/index9a7b.html]
[waheedpsycho.wordpress.com/2020/09/01/characteristics-of-shy-and-socially-phobic-individuals/index5a58.html]
[waheedpsycho.wordpress.com/2020/09/01/characteristics-of-shy-and-socially-phobic-individuals/GET.html]
[waheedpsycho.wordpress.com/tag/characteristics-of-shy-and-socially-phobic-individuals/GET.html]
[waheedpsycho.wordpress.com/2020/08/23/psychodramas-role-in-alleviating-acute-distress-a-case-study/index9a7b.html]
[waheedpsycho.wordpress.com/2020/08/23/psychodramas-role-in-alleviating-acute-distress-a-case-study/index5a58.html]
[waheedpsycho.wordpress.com/2020/08/23/psychodrama-and-moviemaking-in-a-death-education-course-to-work-through-a-case-of-suicide-among-high-school-students-in-italy/feed/index.html]
[waheedpsycho.wordpress.com/2020/08/23/psychodrama-and-moviemaking-in-a-death-education-course-to-work-through-a-case-of-suicide-among-high-school-students-in-italy/GET]
[waheedpsycho.wordpress.com/2020/08/23/psychodrama-and-moviemaking-in-a-death-education-course-to-work-through-a-case-of-suicide-among-high-school-students-in-italy/index.html]
[waheedpsycho.wordpress.com/2020/08/23/psychodramas-role-in-alleviating-acute-distress-a-case-study/GET.html]
[waheedpsycho.wordpress.com/tag/psychodramas-role-in-alleviating-acute-distress-a-case-study/GET.html]
[waheedpsycho.wordpress.com/tag/psychodrama-and-moviemaking-in-a-death-education-course-to-work-through-a-case-of-suicide-among-high-school-students-in-italy/feed/index.html]
[waheedpsycho.wordpress.com/tag/psychodrama-and-moviemaking-in-a-death-education-course-to-work-through-a-case-of-suicide-among-high-school-students-in-italy/GET]
[waheedpsycho.wordpress.com/tag/psychodrama-and-moviemaking-in-a-death-education-course-to-work-through-a-case-of-suicide-among-high-school-students-in-italy/index.html]
[waheedpsycho.wordpress.com/2020/08/22/integrative-systematic-review-of-psychodrama-psychotherapy-research-trends-and-methodological-implications/feed/index.html]
[waheedpsycho.wordpress.com/2020/08/22/integrative-systematic-review-of-psychodrama-psychotherapy-research-trends-and-methodological-implications/GET]
[waheedpsycho.wordpress.com/2020/08/22/integrative-systematic-review-of-psychodrama-psychotherapy-research-trends-and-methodological-implications/index.html]
[waheedpsycho.wordpress.com/tag/integrative-systematic-review-of-psychodrama-psychotherapy-research-trends-and-methodological-implications/feed/index.html]
[waheedpsycho.wordpress.com/tag/integrative-systematic-review-of-psychodrama-psychotherapy-research-trends-and-methodological-implications/GET]
[waheedpsycho.wordpress.com/tag/integrative-systematic-review-of-psychodrama-psychotherapy-research-trends-and-methodological-implications/index.html]
[waheedpsycho.wordpress.com/2020/08/22/helpful-and-hindering-factors-in-psychodrama-field-training-a-longitudinal-mixed-methods-study-of-student-development/feed/index.html]
[waheedpsycho.wordpress.com/2020/08/22/helpful-and-hindering-factors-in-psychodrama-field-training-a-longitudinal-mixed-methods-study-of-student-development/GET]
[waheedpsycho.wordpress.com/2020/08/22/helpful-and-hindering-factors-in-psychodrama-field-training-a-longitudinal-mixed-methods-study-of-student-development/index.html]
[waheedpsycho.wordpress.com/tag/helpful-and-hindering-factors-in-psychodrama-field-training-a-longitudinal-mixed-methods-study-of-student-development/feed/index.html]
[waheedpsycho.wordpress.com/tag/helpful-and-hindering-factors-in-psychodrama-field-training-a-longitudinal-mixed-methods-study-of-student-development/GET]
[waheedpsycho.wordpress.com/tag/helpful-and-hindering-factors-in-psychodrama-field-training-a-longitudinal-mixed-methods-study-of-student-development/index.html]
[waheedpsycho.wordpress.com/2020/08/22/does-psychodrama-affect-perceived-stress-anxiety-depression-scores-and-saliva-cortisol-in-patients-with-depression/feed/index.html]
[waheedpsycho.wordpress.com/2020/08/22/does-psychodrama-affect-perceived-stress-anxiety-depression-scores-and-saliva-cortisol-in-patients-with-depression/GET]
[waheedpsycho.wordpress.com/2020/08/22/does-psychodrama-affect-perceived-stress-anxiety-depression-scores-and-saliva-cortisol-in-patients-with-depression/index.html]
[waheedpsycho.wordpress.com/tag/anxiety-depression-scores-and-saliva-cortisol-in-patients-with-depression/feed/index.html]
[waheedpsycho.wordpress.com/tag/anxiety-depression-scores-and-saliva-cortisol-in-patients-with-depression/GET]
[waheedpsycho.wordpress.com/tag/anxiety-depression-scores-and-saliva-cortisol-in-patients-with-depression/index.html]
[waheedpsycho.wordpress.com/tag/does-psychodrama-affect-perceived-stress/feed/index.html]
[waheedpsycho.wordpress.com/tag/does-psychodrama-affect-perceived-stress/GET]
[waheedpsycho.wordpress.com/tag/does-psychodrama-affect-perceived-stress/index.html]
[waheedpsycho.wordpress.com/2020/08/19/annual-meetings/feed/index.html]
[waheedpsycho.wordpress.com/2020/08/19/annual-meetings/GET]
[waheedpsycho.wordpress.com/2020/08/19/annual-meetings/index.html]
[www.apragipsicodramma.org/wp/wp-content/uploads/2019/11/PiuVoci2020.html]
[waheedpsycho.wordpress.com/page/3/GET]
[waheedpsycho.wordpress.com/page/4/index.html]
[waheedpsycho.wordpress.com/page/3/index.html]
[waheedpsycho.wordpress.com/page/2/GET.html]
[widgets.outbrain.com/images/pixels/1x1.jpg]
[widgets.outbrain.com/widgetMonitor/monitor49de.html]
[widgets.outbrain.com/widgetMonitor/monitor840e.html]
[client.px-cloud.net/PX7C4UXGxx/main.min.js]
[widgets.outbrain.com/adngin/adngin.js]
[widgets.outbrain.com/tnt/sst.js]
[waheedpsycho.wordpress.com/2020/05/19/abnormal-psychology/index9a7b.html]
[waheedpsycho.wordpress.com/2020/05/19/abnormal-psychology/index5a58.html]
[waheedpsycho.wordpress.com/2020/05/17/psychosocial-stages/feed/index.html]
[waheedpsycho.wordpress.com/2020/05/17/psychosocial-stages/GET]
[waheedpsycho.wordpress.com/2020/05/17/psychosocial-stages/index.html]
[waheedpsycho.wordpress.com/2020/05/19/abnormal-psychology/GET.html]
[waheedpsycho.wordpress.com/2020/05/19/cognitive-therapy/index9a7b.html]
[waheedpsycho.wordpress.com/2020/05/19/cognitive-therapy/index5a58.html]
[waheedpsycho.wordpress.com/2020/05/19/cognitive-therapy/GET.html]
[waheedpsycho.wordpress.com/2020/05/19/depression/index9a7b.html]
[waheedpsycho.wordpress.com/2020/05/19/depression/index5a58.html]
[waheedpsycho.wordpress.com/2020/05/19/depression/GET.html]
[waheedpsycho.wordpress.com/2020/05/19/medical-model/index9a7b.html]
[waheedpsycho.wordpress.com/2020/05/19/medical-model/index5a58.html]
[waheedpsycho.wordpress.com/2020/05/19/psychoanalysis-2/feed/index.html]
[waheedpsycho.wordpress.com/2020/05/19/psychoanalysis-2/GET]
[waheedpsycho.wordpress.com/2020/05/19/psychoanalysis-2/index.html]
[waheedpsycho.wordpress.com/2020/05/19/medical-model/GET.html]
[waheedpsycho.wordpress.com/2020/05/17/attachment/index9a7b.html]
[waheedpsycho.wordpress.com/2020/05/17/attachment/index5a58.html]
[waheedpsycho.wordpress.com/2020/05/15/zpd/feed/index.html]
[waheedpsycho.wordpress.com/2020/05/15/zpd/GET]
[waheedpsycho.wordpress.com/2020/05/15/zpd/index.html]
[waheedpsycho.wordpress.com/2020/05/17/attachment/GET.html]
[waheedpsycho.wordpress.com/2020/05/15/concrete-stage/index9a7b.html]
[waheedpsycho.wordpress.com/2020/05/15/concrete-stage/index5a58.html]
[waheedpsycho.wordpress.com/2020/05/15/preoperational-stage/feed/index.html]
[waheedpsycho.wordpress.com/2020/05/15/preoperational-stage/GET]
[waheedpsycho.wordpress.com/2020/05/15/preoperational-stage/index.html]
[waheedpsycho.wordpress.com/2020/05/15/concrete-stage/GET.html]
[waheedpsycho.wordpress.com/2020/05/15/formal-operational-stage/index9a7b.html]
[waheedpsycho.wordpress.com/2020/05/15/formal-operational-stage/index5a58.html]
[waheedpsycho.wordpress.com/2020/05/15/formal-operational-stage/GET.html]
[waheedpsycho.wordpress.com/2020/05/15/ojean-piaget/index9a7b.html]
[waheedpsycho.wordpress.com/2020/05/15/ojean-piaget/index5a58.html]
[waheedpsycho.wordpress.com/2020/05/15/osensorimotor-stage/feed/index.html]
[waheedpsycho.wordpress.com/2020/05/15/osensorimotor-stage/GET]
[waheedpsycho.wordpress.com/2020/05/15/osensorimotor-stage/index.html]
[waheedpsycho.wordpress.com/2020/05/15/ojean-piaget/GET.html]
[waheedpsycho.wordpress.com/2020/05/17/jerome-bruner/index9a7b.html]
[waheedpsycho.wordpress.com/2020/05/17/jerome-bruner/index5a58.html]
[waheedpsycho.wordpress.com/2020/05/17/jerome-bruner/GET.html]
[waheedpsycho.wordpress.com/2020/05/17/john-bowlby/index9a7b.html]
[waheedpsycho.wordpress.com/2020/05/17/john-bowlby/index5a58.html]
[waheedpsycho.wordpress.com/2020/05/17/john-bowlby/GET.html]
[waheedpsycho.wordpress.com/2020/05/17/kohlberg-moral-dev/index9a7b.html]
[waheedpsycho.wordpress.com/2020/05/17/kohlberg-moral-dev/index5a58.html]
[waheedpsycho.wordpress.com/2020/05/17/piaget-moral-dev/feed/index.html]
[waheedpsycho.wordpress.com/2020/05/17/piaget-moral-dev/GET]
[waheedpsycho.wordpress.com/2020/05/17/piaget-moral-dev/index.html]
[waheedpsycho.wordpress.com/2020/05/17/kohlberg-moral-dev/GET.html]
[waheedpsycho.wordpress.com/2020/05/15/lev-vygostksy/index9a7b.html]
[waheedpsycho.wordpress.com/2020/05/15/lev-vygostksy/index5a58.html]
[waheedpsycho.wordpress.com/2020/05/15/lev-vygostksy/GET.html]
[waheedpsycho.wordpress.com/2020/05/05/cognitive-psychology/index9a7b.html]
[waheedpsycho.wordpress.com/2020/05/05/cognitive-psychology/index5a58.html]
[waheedpsycho.files.wordpress.com/2020/05/1-137b5.jpg]
[waheedpsycho.wordpress.com/2020/05/05/type-a/feed/index.html]
[waheedpsycho.files.wordpress.com/2020/05/2-19dfb.jpg]
[waheedpsycho.wordpress.com/2020/05/05/type-a/GET]
[waheedpsycho.wordpress.com/2020/05/05/type-a/index.html]
[waheedpsycho.wordpress.com/2020/05/05/cognitive-psychology/GET.html]
[waheedpsycho.wordpress.com/2020/05/05/information-processing/index9a7b.html]
[waheedpsycho.wordpress.com/2020/05/05/information-processing/index5a58.html]
[waheedpsycho.wordpress.com/2020/05/05/information-processing/GET.html]
[waheedpsycho.wordpress.com/2020/05/19/attitudes/index9a7b.html]
[waheedpsycho.wordpress.com/2020/05/19/attitudes/index5a58.html]
[waheedpsycho.wordpress.com/2020/05/19/attitudes/GET.html]
[waheedpsycho.wordpress.com/2020/05/19/compliance-techniques/index9a7b.html]
[waheedpsycho.wordpress.com/2020/05/19/compliance-techniques/index5a58.html]
[waheedpsycho.wordpress.com/2020/05/19/compliance-techniques/GET.html]
[waheedpsycho.wordpress.com/2020/05/19/1002/index9a7b.html]
[waheedpsycho.wordpress.com/2020/05/19/1002/index5a58.html]
[waheedpsycho.wordpress.com/2020/05/19/obedience/feed/index.html]
[waheedpsycho.wordpress.com/2020/05/19/obedience/GET.23a.delayed]
[waheedpsycho.wordpress.com/2020/05/19/prejudice/index.html]
[waheedpsycho.wordpress.com/2020/05/19/obedience/index.html]
[waheedpsycho.wordpress.com/2020/05/19/1002/GET.html]
[waheedpsycho.wordpress.com/2020/05/03/behavioral-therapy-2/index9a7b.html]
[waheedpsycho.wordpress.com/2020/05/03/behavioral-therapy-2/index5a58.html]
[waheedpsycho.wordpress.com/2020/05/03/behavioral-therapy-2/GET.html]
[waheedpsycho.wordpress.com/2020/05/03/social-learning-theory/index9a7b.html]
[waheedpsycho.wordpress.com/2020/05/03/social-learning-theory/index5a58.html]
[waheedpsycho.wordpress.com/2020/05/03/social-learning-theory/GET.html]
[waheedpsycho.wordpress.com/2020/05/03/law-of-effect/index9a7b.html]
[waheedpsycho.wordpress.com/2020/05/03/law-of-effect/index5a58.html]
[waheedpsycho.wordpress.com/2020/05/03/law-of-effect/GET.html]
[waheedpsycho.wordpress.com/2020/05/03/schedules-of-reinforcement/index9a7b.html]
[waheedpsycho.wordpress.com/2020/05/03/schedules-of-reinforcement/index5a58.html]
[waheedpsycho.wordpress.com/2020/05/03/schedules-of-reinforcement/GET.html]
[waheedpsycho.wordpress.com/2020/04/19/operant-conditioning/index9a7b.html]
[waheedpsycho.wordpress.com/2020/04/19/operant-conditioning/index5a58.html]
[waheedpsycho.wordpress.com/2020/04/19/operant-conditioning/GET.html]
[waheedpsycho.wordpress.com/2020/04/19/classical-conditioning/index9a7b.html]
[waheedpsycho.wordpress.com/2020/04/19/classical-conditioning/index5a58.html]
[waheedpsycho.wordpress.com/2020/04/19/classical-conditioning/GET.html]
[waheedpsycho.wordpress.com/2020/04/13/behavioral-therapy/index9a7b.html]
[waheedpsycho.wordpress.com/2020/04/13/behavioral-therapy/index5a58.html]
[waheedpsycho.wordpress.com/2020/04/13/behavioral-therapy/GET.html]
[waheedpsycho.wordpress.com/2020/05/03/person-centered-therapy/index9a7b.html]
[waheedpsycho.wordpress.com/2020/05/03/person-centered-therapy/index5a58.html]
[waheedpsycho.wordpress.com/2020/05/04/theories-of-personality/feed/index.html]
[waheedpsycho.wordpress.com/2020/05/04/theories-of-personality/GET]
[waheedpsycho.wordpress.com/2020/05/04/theories-of-personality/index.html]
[waheedpsycho.wordpress.com/2020/05/03/person-centered-therapy/GET.html]
[waheedpsycho.wordpress.com/2020/05/03/carl-rogers/index9a7b.html]
[waheedpsycho.wordpress.com/2020/05/03/carl-rogers/index5a58.html]
[waheedpsycho.wordpress.com/2020/05/03/carl-rogers/GET.html]
[waheedpsycho.wordpress.com/2020/05/03/hierarchy-of-needs/index9a7b.html]
[waheedpsycho.wordpress.com/2020/05/03/hierarchy-of-needs/index5a58.html]
[waheedpsycho.wordpress.com/2020/05/03/hierarchy-of-needs/GET.html]
[waheedpsycho.wordpress.com/2020/05/03/humanism/index9a7b.html]
[waheedpsycho.wordpress.com/2020/05/03/humanism/index5a58.html]
[waheedpsycho.wordpress.com/2020/05/03/humanism/GET.html]
[waheedpsycho.wordpress.com/2020/05/07/840/index9a7b.html]
[waheedpsycho.wordpress.com/2020/05/07/840/index5a58.html]
[waheedpsycho.wordpress.com/2020/05/08/sites/feed/index.html]
[waheedpsycho.wordpress.com/2020/05/08/sites/GET]
[waheedpsycho.wordpress.com/2020/05/10/ebsco/index.html]
[waheedpsycho.wordpress.com/2020/05/08/sites/index.html]
[waheedpsycho.wordpress.com/2020/05/07/840/GET.html]
[waheedpsycho.wordpress.com/2020/05/07/short-term-memory/index9a7b.html]
[waheedpsycho.wordpress.com/2020/05/07/short-term-memory/index5a58.html]
[waheedpsycho.wordpress.com/2020/05/07/short-term-memory/GET.html]
[waheedpsycho.wordpress.com/2020/05/07/long-term-memory/index9a7b.html]
[waheedpsycho.wordpress.com/2020/05/07/long-term-memory/index5a58.html]
[waheedpsycho.wordpress.com/2020/05/07/long-term-memory/GET.html]
[waheedpsycho.wordpress.com/2020/05/06/stages-of-memory/index9a7b.html]
[waheedpsycho.wordpress.com/2020/05/06/stages-of-memory/index5a58.html]
[waheedpsycho.wordpress.com/2020/05/06/stages-of-memory/GET.html]
[waheedpsycho.wordpress.com/2020/08/19/the-psychology-book/index9a7b.html]
[waheedpsycho.wordpress.com/2020/08/19/the-psychology-book/index5a58.html]
[waheedpsycho.wordpress.com/2020/08/19/the-psychology-book/GET.html]
[waheedpsycho.wordpress.com/tag/the-psychology-book/GET.html]
[waheedpsycho.wordpress.com/2020/08/19/psychodrama-since-moreno/index9a7b.html]
[waheedpsycho.wordpress.com/2020/08/19/psychodrama-since-moreno/index5a58.html]
[waheedpsycho.wordpress.com/2020/08/19/psychodrama-since-moreno/GET.html]
[waheedpsycho.wordpress.com/tag/psychodrama-since-moreno/GET.html]
[waheedpsycho.wordpress.com/2020/08/19/history-of-psychology-101/index9a7b.html]
[waheedpsycho.wordpress.com/2020/08/19/history-of-psychology-101/index5a58.html]
[waheedpsycho.wordpress.com/2020/08/19/history-of-psychology-101/GET.html]
[waheedpsycho.wordpress.com/tag/history-of-psychology-101/GET.html]
[waheedpsycho.wordpress.com/2020/08/19/healing-eating-disorders-with-psychodrama-and-other-action-methods/index9a7b.html]
[waheedpsycho.wordpress.com/2020/08/19/healing-eating-disorders-with-psychodrama-and-other-action-methods/index5a58.html]
[waheedpsycho.wordpress.com/2020/08/19/healing-eating-disorders-with-psychodrama-and-other-action-methods/GET.html]
[waheedpsycho.wordpress.com/tag/healing-eating-disorders-with-psychodrama-and-other-action-methods/GET.html]
[waheedpsycho.wordpress.com/2020/08/19/dual-process-theories-in-moral-psychology/index9a7b.html]
[waheedpsycho.wordpress.com/2020/08/19/dual-process-theories-in-moral-psychology/index5a58.html]
[waheedpsycho.wordpress.com/2020/08/19/dual-process-theories-in-moral-psychology/GET.html]
[waheedpsycho.wordpress.com/tag/dual-process-theories-in-moral-psychology/GET.html]
[waheedpsycho.wordpress.com/2020/08/19/developmental-psychology-the-growth-of-mind-and-behavior/index9a7b.html]
[waheedpsycho.wordpress.com/2020/08/19/developmental-psychology-the-growth-of-mind-and-behavior/index5a58.html]
[waheedpsycho.wordpress.com/2020/08/19/developmental-psychology-the-growth-of-mind-and-behavior/GET.html]
[waheedpsycho.wordpress.com/tag/developmental-psychology-the-growth-of-mind-and-behavior/GET.html]
[waheedpsycho.wordpress.com/2020/08/19/abnormal-child-psychology/index9a7b.html]
[waheedpsycho.wordpress.com/2020/08/19/abnormal-child-psychology/index5a58.html]
[waheedpsycho.wordpress.com/2020/08/19/abnormal-child-psychology/GET.html]
[waheedpsycho.wordpress.com/tag/abnormal-child-psychology/GET.html]
[waheedpsycho.wordpress.com/2020/08/18/the-inner-world-outside/index9a7b.html]
[waheedpsycho.wordpress.com/2020/08/18/the-inner-world-outside/index5a58.html]
[waheedpsycho.wordpress.com/2020/08/18/the-inner-world-outside/GET.html]
[waheedpsycho.wordpress.com/tag/the-inner-world-outside/GET.html]
[waheedpsycho.wordpress.com/2020/08/18/supervision-in-psychodrama/index9a7b.html]
[waheedpsycho.wordpress.com/2020/08/18/supervision-in-psychodrama/index5a58.html]
[waheedpsycho.wordpress.com/2020/08/18/psychodrama-empirical-research-and-science/GET]
[waheedpsycho.wordpress.com/2020/08/18/psychodrama-empirical-research-and-science/feed/index.html]
[waheedpsycho.wordpress.com/2020/08/18/psychodrama-empirical-research-and-science/index.html]
[waheedpsycho.wordpress.com/2020/08/18/supervision-in-psychodrama/GET.html]
[waheedpsycho.wordpress.com/tag/supervision-in-psychodrama/GET.html]
[waheedpsycho.wordpress.com/tag/psychodrama-empirical-research-and-science/feed/index.html]
[waheedpsycho.wordpress.com/tag/psychodrama-empirical-research-and-science/GET]
[waheedpsycho.wordpress.com/tag/psychodrama-empirical-research-and-science/index.html]
[waheedpsycho.wordpress.com/2020/08/18/psychodrama-advances-in-theory-and-practice/feed/index.html]
[waheedpsycho.wordpress.com/2020/08/18/psychodrama-advances-in-theory-and-practice/GET]
[waheedpsycho.wordpress.com/2020/08/18/psychodrama-advances-in-theory-and-practice/index.html]
[waheedpsycho.wordpress.com/tag/psychodrama-advances-in-theory-and-practice/feed/index.html]
[waheedpsycho.wordpress.com/tag/psychodrama-advances-in-theory-and-practice/GET]
[waheedpsycho.wordpress.com/tag/psychodrama-advances-in-theory-and-practice/index.html]
[waheedpsycho.wordpress.com/2020/08/18/group-therapy-with-children/feed/index.html]
[waheedpsycho.wordpress.com/2020/08/18/group-therapy-with-children/GET]
[waheedpsycho.wordpress.com/2020/08/18/group-therapy-with-children/index.html]
[waheedpsycho.wordpress.com/tag/group-therapy-with-children/GET]
[waheedpsycho.wordpress.com/tag/group-therapy-with-children/feed/index.html]
[waheedpsycho.wordpress.com/tag/group-therapy-with-children/index.html]
[waheedpsycho.wordpress.com/2020/08/18/drama-psychotherapy-and-psychosis/feed/index.html]
[waheedpsycho.wordpress.com/2020/08/18/drama-psychotherapy-and-psychosis/GET]
[waheedpsycho.wordpress.com/2020/08/18/drama-psychotherapy-and-psychosis/index.html]
[waheedpsycho.wordpress.com/tag/drama-psychotherapy-and-psychosis/feed/index.html]
[waheedpsycho.wordpress.com/tag/drama-psychotherapy-and-psychosis/GET]
[waheedpsycho.wordpress.com/tag/drama-psychotherapy-and-psychosis/index.html]
[waheedpsycho.wordpress.com/2020/08/18/contemporary-psychodrama/feed/index.html]
[waheedpsycho.wordpress.com/2020/08/18/contemporary-psychodrama/GET]
[waheedpsycho.wordpress.com/2020/08/18/contemporary-psychodrama/index.html]
[waheedpsycho.wordpress.com/tag/contemporary-psychodrama/GET]
[waheedpsycho.wordpress.com/tag/contemporary-psychodrama/feed/index.html]
[waheedpsycho.wordpress.com/tag/contemporary-psychodrama/index.html]
[waheedpsycho.wordpress.com/2020/08/18/psychodrama-and-systemic-therapy/feed/index.html]
[waheedpsycho.wordpress.com/2020/08/18/psychodrama-and-systemic-therapy/GET]
[waheedpsycho.wordpress.com/2020/08/18/psychodrama-and-systemic-therapy/index.html]
[waheedpsycho.wordpress.com/tag/psychodrama-and-systemic-therapy/GET]
[waheedpsycho.wordpress.com/tag/psychodrama-and-systemic-therapy/feed/index.html]
[waheedpsycho.wordpress.com/tag/psychodrama-and-systemic-therapy/index.html]
[waheedpsycho.wordpress.com/2020/08/18/psychodrama/feed/index.html]
[waheedpsycho.wordpress.com/2020/08/18/psychodrama/GET]
[waheedpsycho.wordpress.com/2020/05/19/stereotypes/index.html]
[waheedpsycho.wordpress.com/2020/08/18/psychodrama/index.html]
[waheedpsycho.wordpress.com/tag/psychodrama/GET]
[waheedpsycho.wordpress.com/tag/psychodrama/feed/index.html]
[waheedpsycho.wordpress.com/tag/psychodrama/index.html]
[waheedpsycho.wordpress.com/category/waheed/books/page/2/GET.html]
[waheedpsycho.wordpress.com/2020/05/15/carl-jung/index9a7b.html]
[waheedpsycho.wordpress.com/2020/05/15/carl-jung/index5a58.html]
[waheedpsycho.wordpress.com/2020/05/15/carl-jung/GET.html]
[waheedpsycho.wordpress.com/2020/05/15/defense-mechanisms/index9a7b.html]
[waheedpsycho.wordpress.com/2020/05/15/defense-mechanisms/index5a58.html]
[waheedpsycho.wordpress.com/2020/05/15/psychosexual-stages/feed/index.html]
[waheedpsycho.wordpress.com/2020/05/15/psychosexual-stages/GET]
[waheedpsycho.wordpress.com/2020/05/15/psychosexual-stages/index.html]
[waheedpsycho.wordpress.com/2020/05/15/defense-mechanisms/GET.html]
[waheedpsycho.wordpress.com/2020/05/15/id-ego-and-superego/index9a7b.html]
[waheedpsycho.wordpress.com/2020/05/15/id-ego-and-superego/index5a58.html]
[waheedpsycho.wordpress.com/2020/05/15/psychoanalysis/feed/index.html]
[waheedpsycho.wordpress.com/2020/05/15/psychoanalysis/GET]
[waheedpsycho.wordpress.com/2020/05/15/sigmund-freud/index.html]
[waheedpsycho.wordpress.com/2020/05/15/psychoanalysis/index.html]
[waheedpsycho.wordpress.com/2020/05/15/unconscious-mind/feed/index.html]
[waheedpsycho.wordpress.com/2020/05/15/unconscious-mind/GET]
[waheedpsycho.wordpress.com/2020/05/15/unconscious-mind/index.html]
[waheedpsycho.wordpress.com/2020/05/15/id-ego-and-superego/GET.html]
[waheedpsycho.wordpress.com/2020/05/15/melanie-klein/index9a7b.html]
[waheedpsycho.wordpress.com/2020/05/15/melanie-klein/index5a58.html]
[waheedpsycho.wordpress.com/2020/05/15/melanie-klein/GET.html]
[waheedpsycho.wordpress.com/2020/05/04/cattells-16pf-trait-theory/index9a7b.html]
[waheedpsycho.wordpress.com/2020/05/04/cattells-16pf-trait-theory/index5a58.html]
[waheedpsycho.wordpress.com/2020/05/04/eysenck/feed/index.html]
[waheedpsycho.wordpress.com/2020/05/04/eysenck/GET]
[waheedpsycho.wordpress.com/2020/05/04/eysenck/index.html]
[waheedpsycho.wordpress.com/2020/05/04/cattells-16pf-trait-theory/GET.html]
[waheedpsycho.wordpress.com/2020/05/05/eysenck-2/index9a7b.html]
[waheedpsycho.wordpress.com/2020/05/05/eysenck-2/index5a58.html]
[waheedpsycho.wordpress.com/2020/05/05/eysenck-2/GET.html]
[waheedpsycho.wordpress.com/2020/05/05/freuds-theory/index9a7b.html]
[waheedpsycho.wordpress.com/2020/05/05/freuds-theory/index5a58.html]
[waheedpsycho.wordpress.com/2020/05/05/freuds-theory/GET.html]
[waheedpsycho.wordpress.com/2020/04/19/links-2/index9a7b.html]
[waheedpsycho.wordpress.com/2020/04/19/links-2/index5a58.html]
[waheedpsycho.wordpress.com/2020/04/19/links-2/indexcf46.html]
[waheedpsycho.wordpress.com/2020/04/19/links-2/index6809.html]
[waheedpsycho.wordpress.com/2020/04/19/links-2/GET.html]
[waheedpsycho.wordpress.com/author/waheedalomari/page/3/GET]
[waheedpsycho.wordpress.com/author/waheedalomari/page/4/index.html]
[waheedpsycho.wordpress.com/author/waheedalomari/page/3/index.html]
[waheedpsycho.wordpress.com/author/waheedalomari/page/2/GET.html]
[waheedpsycho.wordpress.com/2020/08/23/psychodrama-and-moviemaking-in-a-death-education-course-to-work-through-a-case-of-suicide-among-high-school-students-in-italy/index9a7b.html]
[waheedpsycho.wordpress.com/2020/08/23/psychodrama-and-moviemaking-in-a-death-education-course-to-work-through-a-case-of-suicide-among-high-school-students-in-italy/index5a58.html]
[waheedpsycho.wordpress.com/2020/08/23/psychodrama-and-moviemaking-in-a-death-education-course-to-work-through-a-case-of-suicide-among-high-school-students-in-italy/GET.html]
[waheedpsycho.wordpress.com/tag/psychodrama-and-moviemaking-in-a-death-education-course-to-work-through-a-case-of-suicide-among-high-school-students-in-italy/GET.html]
[waheedpsycho.wordpress.com/2020/08/22/integrative-systematic-review-of-psychodrama-psychotherapy-research-trends-and-methodological-implications/index9a7b.html]
[waheedpsycho.wordpress.com/2020/08/22/integrative-systematic-review-of-psychodrama-psychotherapy-research-trends-and-methodological-implications/index5a58.html]
[waheedpsycho.wordpress.com/2020/08/22/integrative-systematic-review-of-psychodrama-psychotherapy-research-trends-and-methodological-implications/GET.html]
[waheedpsycho.wordpress.com/tag/integrative-systematic-review-of-psychodrama-psychotherapy-research-trends-and-methodological-implications/GET.html]
[waheedpsycho.wordpress.com/2020/08/22/helpful-and-hindering-factors-in-psychodrama-field-training-a-longitudinal-mixed-methods-study-of-student-development/index9a7b.html]
[waheedpsycho.wordpress.com/2020/08/22/helpful-and-hindering-factors-in-psychodrama-field-training-a-longitudinal-mixed-methods-study-of-student-development/index5a58.html]
[waheedpsycho.wordpress.com/2020/08/22/helpful-and-hindering-factors-in-psychodrama-field-training-a-longitudinal-mixed-methods-study-of-student-development/GET.html]
[waheedpsycho.wordpress.com/tag/helpful-and-hindering-factors-in-psychodrama-field-training-a-longitudinal-mixed-methods-study-of-student-development/GET.html]
[waheedpsycho.wordpress.com/2020/08/22/does-psychodrama-affect-perceived-stress-anxiety-depression-scores-and-saliva-cortisol-in-patients-with-depression/index9a7b.html]
[waheedpsycho.wordpress.com/2020/08/22/does-psychodrama-affect-perceived-stress-anxiety-depression-scores-and-saliva-cortisol-in-patients-with-depression/index5a58.html]
[waheedpsycho.wordpress.com/2020/08/22/does-psychodrama-affect-perceived-stress-anxiety-depression-scores-and-saliva-cortisol-in-patients-with-depression/GET.html]
[waheedpsycho.wordpress.com/tag/anxiety-depression-scores-and-saliva-cortisol-in-patients-with-depression/GET.html]
[waheedpsycho.wordpress.com/tag/does-psychodrama-affect-perceived-stress/GET.html]
[waheedpsycho.wordpress.com/2020/08/19/annual-meetings/index9a7b.html]
[waheedpsycho.wordpress.com/2020/08/19/annual-meetings/index5a58.html]
[waheedpsycho.wordpress.com/2020/08/19/annual-meetings/GET.html]
[waheedpsycho.wordpress.com/page/4/GET]
[waheedpsycho.wordpress.com/2020/05/19/social-psychology/index.html]
[waheedpsycho.wordpress.com/2020/05/19/social-roles/index.html]
[waheedpsycho.wordpress.com/2020/05/19/social-identity-theory/index.html]
[waheedpsycho.wordpress.com/2020/05/19/social-facilitation/index.html]
[waheedpsycho.wordpress.com/2020/05/19/self-concept/index.html]
[waheedpsycho.wordpress.com/page/5/index.html]
[waheedpsycho.wordpress.com/page/4/index.html]
[waheedpsycho.wordpress.com/page/3/GET.html]
[waheedpsycho.wordpress.com/2020/05/17/psychosocial-stages/index9a7b.html]
[waheedpsycho.wordpress.com/2020/05/17/psychosocial-stages/index5a58.html]
[waheedpsycho.wordpress.com/2020/05/17/psychosocial-stages/GET.html]
[waheedpsycho.wordpress.com/2020/05/19/psychoanalysis-2/index9a7b.html]
[waheedpsycho.wordpress.com/2020/05/19/psychoanalysis-2/index5a58.html]
[waheedpsycho.wordpress.com/2020/05/19/psychoanalysis-2/GET.html]
[waheedpsycho.wordpress.com/2020/05/15/zpd/index9a7b.html]
[waheedpsycho.wordpress.com/2020/05/15/zpd/index5a58.html]
[waheedpsycho.wordpress.com/2020/05/15/zpd/GET.html]
[waheedpsycho.wordpress.com/2020/05/15/preoperational-stage/index9a7b.html]
[waheedpsycho.wordpress.com/2020/05/15/preoperational-stage/index5a58.html]
[waheedpsycho.wordpress.com/2020/05/15/preoperational-stage/GET.html]
[waheedpsycho.wordpress.com/2020/05/15/osensorimotor-stage/index9a7b.html]
[waheedpsycho.wordpress.com/2020/05/15/osensorimotor-stage/index5a58.html]
[waheedpsycho.wordpress.com/2020/05/15/osensorimotor-stage/GET.html]
[waheedpsycho.wordpress.com/2020/05/17/piaget-moral-dev/index9a7b.html]
[waheedpsycho.wordpress.com/2020/05/17/piaget-moral-dev/index5a58.html]
[waheedpsycho.wordpress.com/2020/05/17/piaget-moral-dev/GET.html]
[waheedpsycho.wordpress.com/2020/05/05/type-a/index9a7b.html]
[waheedpsycho.wordpress.com/2020/05/05/type-a/index5a58.html]
[waheedpsycho.wordpress.com/2020/05/05/type-a/GET.html]
[waheedpsycho.wordpress.com/2020/05/19/obedience/index9a7b.html]
[waheedpsycho.wordpress.com/2020/05/19/obedience/index5a58.html]
[waheedpsycho.wordpress.com/2020/05/19/prejudice/feed/index.html]
[waheedpsycho.wordpress.com/2020/05/19/prejudice/GET]
[waheedpsycho.wordpress.com/2020/05/19/prejudice/index.html]
[waheedpsycho.wordpress.com/2020/05/19/obedience/GET.html]
[waheedpsycho.wordpress.com/2020/05/04/theories-of-personality/index9a7b.html]
[waheedpsycho.wordpress.com/2020/05/04/theories-of-personality/index5a58.html]
[waheedpsycho.wordpress.com/2020/05/04/theories-of-personality/GET.html]
[waheedpsycho.wordpress.com/2020/05/08/sites/index9a7b.html]
[waheedpsycho.wordpress.com/2020/05/08/sites/index5a58.html]
[waheedpsycho.wordpress.com/2020/05/10/ebsco/feed/index.html]
[waheedpsycho.wordpress.com/2020/05/15/the-psychodynamic-approach/index.html]
[waheedpsycho.wordpress.com/2020/05/10/ebsco/GET]
[waheedpsycho.wordpress.com/2020/05/10/ebsco/index.html]
[waheedpsycho.wordpress.com/2020/05/08/sites/GET.html]
[waheedpsycho.wordpress.com/2020/08/18/psychodrama-empirical-research-and-science/index9a7b.html]
[waheedpsycho.wordpress.com/2020/08/18/psychodrama-empirical-research-and-science/index5a58.html]
[waheedpsycho.wordpress.com/2020/08/18/psychodrama-empirical-research-and-science/GET.html]
[waheedpsycho.wordpress.com/tag/psychodrama-empirical-research-and-science/GET.html]
[waheedpsycho.wordpress.com/2020/08/18/psychodrama-advances-in-theory-and-practice/index9a7b.html]
[waheedpsycho.wordpress.com/2020/08/18/psychodrama-advances-in-theory-and-practice/index5a58.html]
[waheedpsycho.wordpress.com/2020/08/18/psychodrama-advances-in-theory-and-practice/GET.html]
[waheedpsycho.wordpress.com/tag/psychodrama-advances-in-theory-and-practice/GET.html]
[waheedpsycho.wordpress.com/2020/08/18/group-therapy-with-children/index9a7b.html]
[waheedpsycho.wordpress.com/2020/08/18/group-therapy-with-children/index5a58.html]
[waheedpsycho.wordpress.com/2020/08/18/group-therapy-with-children/GET.html]
[waheedpsycho.wordpress.com/tag/group-therapy-with-children/GET.html]
[waheedpsycho.wordpress.com/2020/08/18/drama-psychotherapy-and-psychosis/index9a7b.html]
[waheedpsycho.wordpress.com/2020/08/18/drama-psychotherapy-and-psychosis/index5a58.html]
[waheedpsycho.wordpress.com/2020/08/18/drama-psychotherapy-and-psychosis/GET.html]
[waheedpsycho.wordpress.com/tag/drama-psychotherapy-and-psychosis/GET.html]
[waheedpsycho.wordpress.com/2020/08/18/contemporary-psychodrama/index9a7b.html]
[waheedpsycho.wordpress.com/2020/08/18/contemporary-psychodrama/index5a58.html]
[waheedpsycho.wordpress.com/2020/08/18/contemporary-psychodrama/GET.html]
[waheedpsycho.wordpress.com/tag/contemporary-psychodrama/GET.html]
[waheedpsycho.wordpress.com/2020/08/18/psychodrama-and-systemic-therapy/index9a7b.html]
[waheedpsycho.wordpress.com/2020/08/18/psychodrama-and-systemic-therapy/index5a58.html]
[waheedpsycho.wordpress.com/2020/08/18/psychodrama-and-systemic-therapy/GET.html]
[waheedpsycho.wordpress.com/tag/psychodrama-and-systemic-therapy/GET.html]
[waheedpsycho.wordpress.com/2020/08/18/psychodrama/index9a7b.html]
[waheedpsycho.wordpress.com/2020/08/18/psychodrama/index5a58.html]
[waheedpsycho.wordpress.com/2020/05/19/stereotypes/feed/index.html]
[waheedpsycho.wordpress.com/2020/05/19/stereotypes/GET]
[waheedpsycho.wordpress.com/2020/05/19/stereotypes/index.html]
[waheedpsycho.wordpress.com/2020/08/18/psychodrama/GET.html]
[waheedpsycho.wordpress.com/tag/psychodrama/GET.html]
[waheedpsycho.wordpress.com/2020/05/15/psychosexual-stages/index9a7b.html]
[waheedpsycho.wordpress.com/2020/05/15/psychosexual-stages/index5a58.html]
[waheedpsycho.wordpress.com/2020/05/15/psychosexual-stages/GET.html]
[waheedpsycho.wordpress.com/2020/05/15/psychoanalysis/index9a7b.html]
[waheedpsycho.wordpress.com/2020/05/15/psychoanalysis/index5a58.html]
[waheedpsycho.wordpress.com/2020/05/15/sigmund-freud/feed/index.html]
[waheedpsycho.wordpress.com/2020/05/15/sigmund-freud/GET]
[waheedpsycho.wordpress.com/2020/05/15/sigmund-freud/index.html]
[waheedpsycho.wordpress.com/2020/05/15/psychoanalysis/GET.html]
[waheedpsycho.wordpress.com/2020/05/15/unconscious-mind/index9a7b.html]
[waheedpsycho.wordpress.com/2020/05/15/unconscious-mind/index5a58.html]
[waheedpsycho.wordpress.com/2020/05/15/unconscious-mind/GET.html]
[waheedpsycho.wordpress.com/2020/05/04/eysenck/index9a7b.html]
[waheedpsycho.wordpress.com/2020/05/04/eysenck/index5a58.html]
[waheedpsycho.wordpress.com/2020/05/04/eysenck/GET.html]
[waheedpsycho.wordpress.com/author/waheedalomari/page/4/GET]
[waheedpsycho.wordpress.com/author/waheedalomari/page/5/index.html]
[waheedpsycho.wordpress.com/author/waheedalomari/page/4/index.html]
[waheedpsycho.wordpress.com/author/waheedalomari/page/3/GET.html]
[waheedpsycho.wordpress.com/2020/05/19/social-roles/feed/index.html]
[waheedpsycho.wordpress.com/2020/05/19/social-roles/GET]
[waheedpsycho.wordpress.com/2020/05/19/social-roles/index.html]
[waheedpsycho.wordpress.com/2020/05/19/social-psychology/feed/index.html]
[waheedpsycho.wordpress.com/2020/05/19/social-psychology/GET]
[waheedpsycho.wordpress.com/2020/05/19/social-psychology/index.html]
[waheedpsycho.wordpress.com/2020/05/19/social-identity-theory/GET]
[waheedpsycho.wordpress.com/2020/05/19/social-identity-theory/feed/index.html]
[waheedpsycho.wordpress.com/2020/05/19/social-identity-theory/index.html]
[waheedpsycho.wordpress.com/2020/05/19/social-facilitation/feed/index.html]
[waheedpsycho.wordpress.com/2020/05/19/social-facilitation/GET]
[waheedpsycho.wordpress.com/2020/05/19/social-facilitation/index.html]
[waheedpsycho.wordpress.com/2020/05/19/self-concept/feed/index.html]
[waheedpsycho.wordpress.com/2020/05/19/self-concept/GET]
[waheedpsycho.wordpress.com/2020/05/19/self-concept/index.html]
[waheedpsycho.wordpress.com/page/5/GET]
[waheedpsycho.wordpress.com/page/6/index.html]
[waheedpsycho.wordpress.com/page/5/index.html]
[waheedpsycho.wordpress.com/page/4/GET.html]
[waheedpsycho.wordpress.com/2020/05/19/prejudice/index9a7b.html]
[waheedpsycho.wordpress.com/2020/05/19/prejudice/index5a58.html]
[waheedpsycho.wordpress.com/2020/05/19/prejudice/GET.html]
[waheedpsycho.wordpress.com/2020/05/10/ebsco/index9a7b.html]
[waheedpsycho.wordpress.com/2020/05/10/ebsco/index5a58.html]
[waheedpsycho.wordpress.com/2020/05/15/the-psychodynamic-approach/feed/index.html]
[waheedpsycho.wordpress.com/2020/05/15/the-psychodynamic-approach/GET]
[waheedpsycho.wordpress.com/2020/05/15/the-psychodynamic-approach/index.html]
[waheedpsycho.wordpress.com/2020/05/10/ebsco/GET.html]
[waheedpsycho.wordpress.com/2020/05/19/stereotypes/index9a7b.html]
[waheedpsycho.wordpress.com/2020/05/19/stereotypes/index5a58.html]
[waheedpsycho.wordpress.com/2020/05/19/stereotypes/GET.html]
[waheedpsycho.wordpress.com/2020/05/15/sigmund-freud/index9a7b.html]
[waheedpsycho.wordpress.com/2020/05/15/sigmund-freud/index5a58.html]
[waheedpsycho.wordpress.com/2020/05/15/sigmund-freud/GET.html]
[waheedpsycho.wordpress.com/author/waheedalomari/page/6/index.html]
[waheedpsycho.wordpress.com/author/waheedalomari/page/5/GET]
[waheedpsycho.wordpress.com/author/waheedalomari/page/5/index.html]
[waheedpsycho.wordpress.com/author/waheedalomari/page/4/GET.html]
[waheedpsycho.wordpress.com/2020/05/19/social-roles/index9a7b.html]
[waheedpsycho.wordpress.com/2020/05/19/social-roles/index5a58.html]
[waheedpsycho.wordpress.com/2020/05/19/social-roles/GET.html]
[waheedpsycho.wordpress.com/2020/05/19/social-psychology/index9a7b.html]
[waheedpsycho.wordpress.com/2020/05/19/social-psychology/index5a58.html]
[waheedpsycho.wordpress.com/2020/05/19/social-psychology/GET.html]
[waheedpsycho.wordpress.com/2020/05/19/social-identity-theory/index9a7b.html]
[waheedpsycho.wordpress.com/2020/05/19/social-identity-theory/index5a58.html]
[waheedpsycho.wordpress.com/2020/05/19/social-identity-theory/GET.html]
[waheedpsycho.wordpress.com/2020/05/19/social-facilitation/index9a7b.html]
[waheedpsycho.wordpress.com/2020/05/19/social-facilitation/index5a58.html]
[waheedpsycho.wordpress.com/2020/05/19/social-facilitation/GET.html]
[waheedpsycho.wordpress.com/2020/05/19/self-concept/index9a7b.html]
[waheedpsycho.wordpress.com/2020/05/19/self-concept/index5a58.html]
[waheedpsycho.wordpress.com/2020/05/19/self-concept/GET.html]
[waheedpsycho.wordpress.com/page/6/GET]
[waheedpsycho.wordpress.com/page/7/index.html]
[waheedpsycho.wordpress.com/page/6/index.html]
[waheedpsycho.wordpress.com/page/5/GET.html]
[waheedpsycho.wordpress.com/2020/05/15/the-psychodynamic-approach/index9a7b.html]
[waheedpsycho.wordpress.com/2020/05/15/the-psychodynamic-approach/index5a58.html]
[waheedpsycho.wordpress.com/2020/05/15/the-psychodynamic-approach/GET.html]
[waheedpsycho.wordpress.com/author/waheedalomari/page/6/GET]
[waheedpsycho.wordpress.com/author/waheedalomari/page/7/index.html]
[waheedpsycho.wordpress.com/author/waheedalomari/page/6/index.html]
[waheedpsycho.wordpress.com/author/waheedalomari/page/5/GET.html]
[waheedpsycho.wordpress.com/page/7/GET]
[waheedpsycho.wordpress.com/page/8/index.html]
[waheedpsycho.wordpress.com/page/7/index.html]
[waheedpsycho.wordpress.com/page/6/GET.html]
[waheedpsycho.wordpress.com/author/waheedalomari/page/7/GET]
[waheedpsycho.wordpress.com/author/waheedalomari/page/8/index.html]
[waheedpsycho.wordpress.com/author/waheedalomari/page/7/index.html]
[waheedpsycho.wordpress.com/author/waheedalomari/page/6/GET.html]
[waheedpsycho.wordpress.com/page/8/GET]
[waheedpsycho.wordpress.com/page/9/index.html]
[waheedpsycho.wordpress.com/page/8/index.html]
[waheedpsycho.wordpress.com/page/7/GET.html]
[waheedpsycho.wordpress.com/author/waheedalomari/page/8/GET]
[waheedpsycho.wordpress.com/author/waheedalomari/page/9/index.html]
[waheedpsycho.wordpress.com/author/waheedalomari/page/8/index.html]
[waheedpsycho.wordpress.com/author/waheedalomari/page/7/GET.html]
[waheedpsycho.wordpress.com/page/9/GET]
[waheedpsycho.wordpress.com/page/10/index.html]
[waheedpsycho.wordpress.com/page/9/index.html]
[waheedpsycho.wordpress.com/page/8/GET.html]
[waheedpsycho.wordpress.com/author/waheedalomari/page/9/GET]
[waheedpsycho.wordpress.com/author/waheedalomari/page/10/index.html]
[waheedpsycho.wordpress.com/author/waheedalomari/page/9/index.html]
[waheedpsycho.wordpress.com/author/waheedalomari/page/8/GET.html]
[waheedpsycho.wordpress.com/page/10/GET]
[waheedpsycho.wordpress.com/page/10/index.html]
[waheedpsycho.wordpress.com/page/9/GET.html]
[waheedpsycho.wordpress.com/author/waheedalomari/page/10/GET]
[waheedpsycho.wordpress.com/author/waheedalomari/page/10/index.html]
[waheedpsycho.wordpress.com/author/waheedalomari/page/9/GET.html]
[waheedpsycho.wordpress.com/page/10/GET.html]
[waheedpsycho.wordpress.com/author/waheedalomari/page/10/GET.html]
